Archive member included to satisfy reference by file (symbol)

C:/ST/STM32CubeIDE_1.18.1/STM32CubeIDE/plugins/com.st.stm32cube.ide.mcu.externaltools.gnu-tools-for-stm32.13.3.rel1.win32_1.0.0.202411081344/tools/bin/../lib/gcc/arm-none-eabi/13.3.1/../../../../arm-none-eabi/lib/thumb/v7e-m+fp/hard\libc_nano.a(libc_a-exit.o)
                              C:/ST/STM32CubeIDE_1.18.1/STM32CubeIDE/plugins/com.st.stm32cube.ide.mcu.externaltools.gnu-tools-for-stm32.13.3.rel1.win32_1.0.0.202411081344/tools/bin/../lib/gcc/arm-none-eabi/13.3.1/../../../../arm-none-eabi/lib/thumb/v7e-m+fp/hard/crt0.o (exit)
C:/ST/STM32CubeIDE_1.18.1/STM32CubeIDE/plugins/com.st.stm32cube.ide.mcu.externaltools.gnu-tools-for-stm32.13.3.rel1.win32_1.0.0.202411081344/tools/bin/../lib/gcc/arm-none-eabi/13.3.1/../../../../arm-none-eabi/lib/thumb/v7e-m+fp/hard\libc_nano.a(libc_a-malloc.o)
                              ./Middlewares/ST/STM32_USB_Host_Library/Class/AUDIO/Src/usbh_audio.o (malloc)
C:/ST/STM32CubeIDE_1.18.1/STM32CubeIDE/plugins/com.st.stm32cube.ide.mcu.externaltools.gnu-tools-for-stm32.13.3.rel1.win32_1.0.0.202411081344/tools/bin/../lib/gcc/arm-none-eabi/13.3.1/../../../../arm-none-eabi/lib/thumb/v7e-m+fp/hard\libc_nano.a(libc_a-mallocr.o)
                              C:/ST/STM32CubeIDE_1.18.1/STM32CubeIDE/plugins/com.st.stm32cube.ide.mcu.externaltools.gnu-tools-for-stm32.13.3.rel1.win32_1.0.0.202411081344/tools/bin/../lib/gcc/arm-none-eabi/13.3.1/../../../../arm-none-eabi/lib/thumb/v7e-m+fp/hard\libc_nano.a(libc_a-malloc.o) (_malloc_r)
C:/ST/STM32CubeIDE_1.18.1/STM32CubeIDE/plugins/com.st.stm32cube.ide.mcu.externaltools.gnu-tools-for-stm32.13.3.rel1.win32_1.0.0.202411081344/tools/bin/../lib/gcc/arm-none-eabi/13.3.1/../../../../arm-none-eabi/lib/thumb/v7e-m+fp/hard\libc_nano.a(libc_a-mlock.o)
                              C:/ST/STM32CubeIDE_1.18.1/STM32CubeIDE/plugins/com.st.stm32cube.ide.mcu.externaltools.gnu-tools-for-stm32.13.3.rel1.win32_1.0.0.202411081344/tools/bin/../lib/gcc/arm-none-eabi/13.3.1/../../../../arm-none-eabi/lib/thumb/v7e-m+fp/hard\libc_nano.a(libc_a-mallocr.o) (__malloc_lock)
C:/ST/STM32CubeIDE_1.18.1/STM32CubeIDE/plugins/com.st.stm32cube.ide.mcu.externaltools.gnu-tools-for-stm32.13.3.rel1.win32_1.0.0.202411081344/tools/bin/../lib/gcc/arm-none-eabi/13.3.1/../../../../arm-none-eabi/lib/thumb/v7e-m+fp/hard\libc_nano.a(libc_a-findfp.o)
                              C:/ST/STM32CubeIDE_1.18.1/STM32CubeIDE/plugins/com.st.stm32cube.ide.mcu.externaltools.gnu-tools-for-stm32.13.3.rel1.win32_1.0.0.202411081344/tools/bin/../lib/gcc/arm-none-eabi/13.3.1/../../../../arm-none-eabi/lib/thumb/v7e-m+fp/hard\libc_nano.a(libc_a-exit.o) (__stdio_exit_handler)
C:/ST/STM32CubeIDE_1.18.1/STM32CubeIDE/plugins/com.st.stm32cube.ide.mcu.externaltools.gnu-tools-for-stm32.13.3.rel1.win32_1.0.0.202411081344/tools/bin/../lib/gcc/arm-none-eabi/13.3.1/../../../../arm-none-eabi/lib/thumb/v7e-m+fp/hard\libc_nano.a(libc_a-fwalk.o)
                              C:/ST/STM32CubeIDE_1.18.1/STM32CubeIDE/plugins/com.st.stm32cube.ide.mcu.externaltools.gnu-tools-for-stm32.13.3.rel1.win32_1.0.0.202411081344/tools/bin/../lib/gcc/arm-none-eabi/13.3.1/../../../../arm-none-eabi/lib/thumb/v7e-m+fp/hard\libc_nano.a(libc_a-findfp.o) (_fwalk_sglue)
C:/ST/STM32CubeIDE_1.18.1/STM32CubeIDE/plugins/com.st.stm32cube.ide.mcu.externaltools.gnu-tools-for-stm32.13.3.rel1.win32_1.0.0.202411081344/tools/bin/../lib/gcc/arm-none-eabi/13.3.1/../../../../arm-none-eabi/lib/thumb/v7e-m+fp/hard\libc_nano.a(libc_a-sprintf.o)
                              ./Core/Src/main.o (sprintf)
C:/ST/STM32CubeIDE_1.18.1/STM32CubeIDE/plugins/com.st.stm32cube.ide.mcu.externaltools.gnu-tools-for-stm32.13.3.rel1.win32_1.0.0.202411081344/tools/bin/../lib/gcc/arm-none-eabi/13.3.1/../../../../arm-none-eabi/lib/thumb/v7e-m+fp/hard\libc_nano.a(libc_a-stdio.o)
                              C:/ST/STM32CubeIDE_1.18.1/STM32CubeIDE/plugins/com.st.stm32cube.ide.mcu.externaltools.gnu-tools-for-stm32.13.3.rel1.win32_1.0.0.202411081344/tools/bin/../lib/gcc/arm-none-eabi/13.3.1/../../../../arm-none-eabi/lib/thumb/v7e-m+fp/hard\libc_nano.a(libc_a-findfp.o) (__sread)
C:/ST/STM32CubeIDE_1.18.1/STM32CubeIDE/plugins/com.st.stm32cube.ide.mcu.externaltools.gnu-tools-for-stm32.13.3.rel1.win32_1.0.0.202411081344/tools/bin/../lib/gcc/arm-none-eabi/13.3.1/../../../../arm-none-eabi/lib/thumb/v7e-m+fp/hard\libc_nano.a(libc_a-memset.o)
                              C:/ST/STM32CubeIDE_1.18.1/STM32CubeIDE/plugins/com.st.stm32cube.ide.mcu.externaltools.gnu-tools-for-stm32.13.3.rel1.win32_1.0.0.202411081344/tools/bin/../lib/gcc/arm-none-eabi/13.3.1/../../../../arm-none-eabi/lib/thumb/v7e-m+fp/hard/crt0.o (memset)
C:/ST/STM32CubeIDE_1.18.1/STM32CubeIDE/plugins/com.st.stm32cube.ide.mcu.externaltools.gnu-tools-for-stm32.13.3.rel1.win32_1.0.0.202411081344/tools/bin/../lib/gcc/arm-none-eabi/13.3.1/../../../../arm-none-eabi/lib/thumb/v7e-m+fp/hard\libc_nano.a(libc_a-closer.o)
[...]
Memory Configuration

Name             Origin             Length             Attributes
RAM              0x20000000         0x00040000         xrw
RAM2             0x10000000         0x00010000         xrw
FLASH            0x08000000         0x00100000         xr
*default*        0x00000000         0xffffffff

Linker script and memory map

LOAD C:/ST/STM32CubeIDE_1.18.1/STM32CubeIDE/plugins/com.st.stm32cube.ide.mcu.externaltools.gnu-tools-for-stm32.13.3.rel1.win32_1.0.0.202411081344/tools/bin/../lib/gcc/arm-none-eabi/13.3.1/thumb/v7e-m+fp/hard/crti.o
LOAD C:/ST/STM32CubeIDE_1.18.1/STM32CubeIDE/plugins/com.st.stm32cube.ide.mcu.externaltools.gnu-tools-for-stm32.13.3.rel1.win32_1.0.0.202411081344/tools/bin/../lib/gcc/arm-none-eabi/13.3.1/thumb/v7e-m+fp/hard/crtbegin.o
LOAD C:/ST/STM32CubeIDE_1.18.1/STM32CubeIDE/plugins/com.st.stm32cube.ide.mcu.externaltools.gnu-tools-for-stm32.13.3.rel1.win32_1.0.0.202411081344/tools/bin/../lib/gcc/arm-none-eabi/13.3.1/../../../../arm-none-eabi/lib/thumb/v7e-m+fp/hard/crt0.o
LOAD ./Core/Src/main.o
LOAD ./Core/Src/stm32l4xx_hal_msp.o
LOAD ./Core/Src/stm32l4xx_it.o
LOAD ./Core/Src/syscalls.o
LOAD ./Core/Src/sysmem.o
LOAD ./Core/Src/system_stm32l4xx.o
LOAD ./Core/Startup/startup_stm32l496zgtxp.o
LOAD ./Drivers/STM32L4xx_HAL_Driver/Src/stm32l4xx_hal.o
LOAD ./Drivers/STM32L4xx_HAL_Driver/Src/stm32l4xx_hal_cortex.o
LOAD ./Drivers/STM32L4xx_HAL_Driver/Src/stm32l4xx_hal_dma.o
LOAD ./Drivers/STM32L4xx_HAL_Driver/Src/stm32l4xx_hal_dma_ex.o
LOAD ./Drivers/STM32L4xx_HAL_Driver/Src/stm32l4xx_hal_exti.o
LOAD ./Drivers/STM32L4xx_HAL_Driver/Src/stm32l4xx_hal_flash.o
LOAD ./Drivers/STM32L4xx_HAL_Driver/Src/stm32l4xx_hal_flash_ex.o
LOAD ./Drivers/STM32L4xx_HAL_Driver/Src/stm32l4xx_hal_flash_ramfunc.o
LOAD ./Drivers/STM32L4xx_HAL_Driver/Src/stm32l4xx_hal_gpio.o
LOAD ./Drivers/STM32L4xx_HAL_Driver/Src/stm32l4xx_hal_hcd.o
LOAD ./Drivers/STM32L4xx_HAL_Driver/Src/stm32l4xx_hal_pwr.o
LOAD ./Drivers/STM32L4xx_HAL_Driver/Src/stm32l4xx_hal_pwr_ex.o
LOAD ./Drivers/STM32L4xx_HAL_Driver/Src/stm32l4xx_hal_rcc.o
LOAD ./Drivers/STM32L4xx_HAL_Driver/Src/stm32l4xx_hal_rcc_ex.o
LOAD ./Drivers/STM32L4xx_HAL_Driver/Src/stm32l4xx_hal_spi.o
LOAD ./Drivers/STM32L4xx_HAL_Driver/Src/stm32l4xx_hal_spi_ex.o
LOAD ./Drivers/STM32L4xx_HAL_Driver/Src/stm32l4xx_hal_tim.o
LOAD ./Drivers/STM32L4xx_HAL_Driver/Src/stm32l4xx_hal_tim_ex.o
LOAD ./Drivers/STM32L4xx_HAL_Driver/Src/stm32l4xx_hal_uart.o
LOAD ./Drivers/STM32L4xx_HAL_Driver/Src/stm32l4xx_hal_uart_ex.o
LOAD ./Drivers/STM32L4xx_HAL_Driver/Src/stm32l4xx_ll_usb.o
LOAD ./Middlewares/ST/STM32_USB_Host_Library/Class/AUDIO/Src/usbh_audio.o
LOAD ./Middlewares/ST/STM32_USB_Host_Library/Core/Src/usbh_core.o
LOAD ./Middlewares/ST/STM32_USB_Host_Library/Core/Src/usbh_ctlreq.o
LOAD ./Middlewares/ST/STM32_USB_Host_Library/Core/Src/usbh_ioreq.o
LOAD ./Middlewares/ST/STM32_USB_Host_Library/Core/Src/usbh_pipes.o
LOAD ./USB_HOST/App/usb_host.o
LOAD ./USB_HOST/Target/usbh_conf.o
LOAD ./USB_HOST/Target/usbh_platform.o
START GROUP
LOAD C:/ST/STM32CubeIDE_1.18.1/STM32CubeIDE/plugins/com.st.stm32cube.ide.mcu.externaltools.gnu-tools-for-stm32.13.3.rel1.win32_1.0.0.202411081344/tools/bin/../lib/gcc/arm-none-eabi/13.3.1/../../../../arm-none-eabi/lib/thumb/v7e-m+fp/hard\libc_nano.a
LOAD C:/ST/STM32CubeIDE_1.18.1/STM32CubeIDE/plugins/com.st.stm32cube.ide.mcu.externaltools.gnu-tools-for-stm32.13.3.rel1.win32_1.0.0.202411081344/tools/bin/../lib/gcc/arm-none-eabi/13.3.1/../../../../arm-none-eabi/lib/thumb/v7e-m+fp/hard\libm.a
END GROUP
START GROUP
LOAD C:/ST/STM32CubeIDE_1.18.1/STM32CubeIDE/plugins/com.st.stm32cube.ide.mcu.externaltools.gnu-tools-for-stm32.13.3.rel1.win32_1.0.0.202411081344/tools/bin/../lib/gcc/arm-none-eabi/13.3.1/thumb/v7e-m+fp/hard\libgcc.a
LOAD C:/ST/STM32CubeIDE_1.18.1/STM32CubeIDE/plugins/com.st.stm32cube.ide.mcu.externaltools.gnu-tools-for-stm32.13.3.rel1.win32_1.0.0.202411081344/tools/bin/../lib/gcc/arm-none-eabi/13.3.1/../../../../arm-none-eabi/lib/thumb/v7e-m+fp/hard\libc_nano.a
END GROUP
START GROUP
LOAD C:/ST/STM32CubeIDE_1.18.1/STM32CubeIDE/plugins/com.st.stm32cube.ide.mcu.externaltools.gnu-tools-for-stm32.13.3.rel1.win32_1.0.0.202411081344/tools/bin/../lib/gcc/arm-none-eabi/13.3.1/thumb/v7e-m+fp/hard\libgcc.a
LOAD C:/ST/STM32CubeIDE_1.18.1/STM32CubeIDE/plugins/com.st.stm32cube.ide.mcu.externaltools.gnu-tools-for-stm32.13.3.rel1.win32_1.0.0.202411081344/tools/bin/../lib/gcc/arm-none-eabi/13.3.1/../../../../arm-none-eabi/lib/thumb/v7e-m+fp/hard\libc_nano.a
LOAD C:/ST/STM32CubeIDE_1.18.1/STM32CubeIDE/plugins/com.st.stm32cube.ide.mcu.externaltools.gnu-tools-for-stm32.13.3.rel1.win32_1.0.0.202411081344/tools/bin/../lib/gcc/arm-none-eabi/13.3.1/../../../../arm-none-eabi/lib/thumb/v7e-m+fp/hard\libnosys.a
END GROUP
START GROUP
LOAD C:/ST/STM32CubeIDE_1.18.1/STM32CubeIDE/plugins/com.st.stm32cube.ide.mcu.externaltools.gnu-tools-for-stm32.13.3.rel1.win32_1.0.0.202411081344/tools/bin/../lib/gcc/arm-none-eabi/13.3.1/thumb/v7e-m+fp/hard\libgcc.a
LOAD C:/ST/STM32CubeIDE_1.18.1/STM32CubeIDE/plugins/com.st.stm32cube.ide.mcu.externaltools.gnu-tools-for-stm32.13.3.rel1.win32_1.0.0.202411081344/tools/bin/../lib/gcc/arm-none-eabi/13.3.1/../../../../arm-none-eabi/lib/thumb/v7e-m+fp/hard\libc_nano.a
LOAD C:/ST/STM32CubeIDE_1.18.1/STM32CubeIDE/plugins/com.st.stm32cube.ide.mcu.externaltools.gnu-tools-for-stm32.13.3.rel1.win32_1.0.0.202411081344/tools/bin/../lib/gcc/arm-none-eabi/13.3.1/../../../../arm-none-eabi/lib/thumb/v7e-m+fp/hard\libnosys.a
END GROUP
LOAD C:/ST/STM32CubeIDE_1.18.1/STM32CubeIDE/plugins/com.st.stm32cube.ide.mcu.externaltools.gnu-tools-for-stm32.13.3.rel1.win32_1.0.0.202411081344/tools/bin/../lib/gcc/arm-none-eabi/13.3.1/thumb/v7e-m+fp/hard/crtend.o
LOAD C:/ST/STM32CubeIDE_1.18.1/STM32CubeIDE/plugins/com.st.stm32cube.ide.mcu.externaltools.gnu-tools-for-stm32.13.3.rel1.win32_1.0.0.202411081344/tools/bin/../lib/gcc/arm-none-eabi/13.3.1/thumb/v7e-m+fp/hard/crtn.o
                0x20040000                        _estack = (ORIGIN (RAM) + LENGTH (RAM))
                0x00000200                        _Min_Heap_Size = 0x200
                0x00000400                        _Min_Stack_Size = 0x400

.isr_vector     0x08000000      0x1ac
                0x08000000                        . = ALIGN (0x4)
 *(.isr_vector)
 .isr_vector    0x08000000      0x1ac ./Core/Startup/startup_stm32l496zgtxp.o
                0x08000000                g_pfnVectors
                0x080001ac                        . = ALIGN (0x4)

.text           0x080001b0     0xcd0c
                0x080001b0                        . = ALIGN (0x4)
 *(.text)
 .text          0x080001b0       0x40 C:/ST/STM32CubeIDE_1.18.1/STM32CubeIDE/plugins/com.st.stm32cube.ide.mcu.externaltools.gnu-tools-for-stm32.13.3.rel1.win32_1.0.0.202411081344/tools/bin/../lib/gcc/arm-none-eabi/13.3.1/thumb/v7e-m+fp/hard/crtbegin.o
 .text          0x080001f0       0x10 C:/ST/STM32CubeIDE_1.18.1/STM32CubeIDE/plugins/com.st.stm32cube.ide.mcu.externaltools.gnu-tools-for-stm32.13.3.rel1.win32_1.0.0.202411081344/tools/bin/../lib/gcc/arm-none-eabi/13.3.1/../../../../arm-none-eabi/lib/thumb/v7e-m+fp/hard\libc_nano.a(libc_a-strlen.o)
                0x080001f0                strlen
 .text          0x08000200       0xa0 C:/ST/STM32CubeIDE_1.18.1/STM32CubeIDE/plugins/com.st.stm32cube.ide.mcu.externaltools.gnu-tools-for-stm32.13.3.rel1.win32_1.0.0.202411081344/tools/bin/../lib/gcc/arm-none-eabi/13.3.1/../../../../arm-none-eabi/lib/thumb/v7e-m+fp/hard\libc_nano.a(libc_a-memchr.o)
                0x08000200                memchr
 .text          0x080002a0       0x30 C:/ST/STM32CubeIDE_1.18.1/STM32CubeIDE/plugins/com.st.stm32cube.ide.mcu.externaltools.gnu-tools-for-stm32.13.3.rel1.win32_1.0.0.202411081344/tools/bin/../lib/gcc/arm-none-eabi/13.3.1/thumb/v7e-m+fp/hard\libgcc.a(_aeabi_uldivmod.o)
                0x080002a0                __aeabi_uldivmod
 .text          0x080002d0      0x2f8 C:/ST/STM32CubeIDE_1.18.1/STM32CubeIDE/plugins/com.st.stm32cube.ide.mcu.externaltools.gnu-tools-for-stm32.13.3.rel1.win32_1.0.0.202411081344/tools/bin/../lib/gcc/arm-none-eabi/13.3.1/thumb/v7e-m+fp/hard\libgcc.a(_udivmoddi4.o)
                0x080002d0                __udivmoddi4
 .text          0x080005c8        0x4 C:/ST/STM32CubeIDE_1.18.1/STM32CubeIDE/plugins/com.st.stm32cube.ide.mcu.externaltools.gnu-tools-for-stm32.13.3.rel1.win32_1.0.0.202411081344/tools/bin/../lib/gcc/arm-none-eabi/13.3.1/thumb/v7e-m+fp/hard\libgcc.a(_dvmd_tls.o)
                0x080005c8                __aeabi_idiv0
                0x080005c8                __aeabi_ldiv0
 *(.text*)
 .text.clrstr   0x080005cc       0x36 ./Core/Src/main.o
                0x080005cc                clrstr
 *fill*         0x08000602        0x2 
 .text.HAL_UART_RxCpltCallback
                0x08000604      0x440 ./Core/Src/main.o
                0x08000604                HAL_UART_RxCpltCallback
 .text.WriteMem
                0x08000a44      0x130 ./Core/Src/main.o
                0x08000a44                WriteMem
 .text.ReadMem  0x08000b74      0x1a8 ./Core/Src/main.o
                0x08000b74                ReadMem
 .text.MemTest  0x08000d1c      0x384 ./Core/Src/main.o
                0x08000d1c                MemTest
 .text.MemTest_16
                0x080010a0      0x34c ./Core/Src/main.o
                0x080010a0                MemTest_16
 .text.main     0x080013ec      0x1d0 ./Core/Src/main.o
                0x080013ec                main
 .text.SystemClock_Config
                0x080015bc       0xc8 ./Core/Src/main.o
                0x080015bc                SystemClock_Config
 .text.MX_LPUART1_UART_Init
                0x08001684       0x58 ./Core/Src/main.o
 .text.MX_USART2_UART_Init
                0x080016dc       0x60 ./Core/Src/main.o
 .text.MX_SPI1_Init
                0x0800173c       0x7c ./Core/Src/main.o
 .text.MX_GPIO_Init
                0x080017b8      0x1e8 ./Core/Src/main.o
 .text.Error_Handler
                0x080019a0        0xc ./Core/Src/main.o
                0x080019a0                Error_Handler
 .text.HAL_MspInit
                0x080019ac       0x48 ./Core/Src/stm32l4xx_hal_msp.o
                0x080019ac                HAL_MspInit
 .text.HAL_UART_MspInit
                0x080019f4      0x16c ./Core/Src/stm32l4xx_hal_msp.o
                0x080019f4                HAL_UART_MspInit
 .text.HAL_SPI_MspInit
                0x08001b60       0xa8 ./Core/Src/stm32l4xx_hal_msp.o
                0x08001b60                HAL_SPI_MspInit
 .text.NMI_Handler
                0x08001c08        0x8 ./Core/Src/stm32l4xx_it.o
                0x08001c08                NMI_Handler
 .text.HardFault_Handler
                0x08001c10        0x8 ./Core/Src/stm32l4xx_it.o
                0x08001c10                HardFault_Handler
 .text.MemManage_Handler
                0x08001c18        0x8 ./Core/Src/stm32l4xx_it.o
                0x08001c18                MemManage_Handler
 .text.BusFault_Handler
                0x08001c20        0x8 ./Core/Src/stm32l4xx_it.o
                0x08001c20                BusFault_Handler
 .text.UsageFault_Handler
                0x08001c28        0x8 ./Core/Src/stm32l4xx_it.o
                0x08001c28                UsageFault_Handler
 .text.SVC_Handler
                0x08001c30        0xe ./Core/Src/stm32l4xx_it.o
                0x08001c30                SVC_Handler
 .text.DebugMon_Handler
                0x08001c3e        0xe ./Core/Src/stm32l4xx_it.o
                0x08001c3e                DebugMon_Handler
 .text.PendSV_Handler
                0x08001c4c        0xe ./Core/Src/stm32l4xx_it.o
                0x08001c4c                PendSV_Handler
 .text.SysTick_Handler
                0x08001c5a        0xc ./Core/Src/stm32l4xx_it.o
                0x08001c5a                SysTick_Handler
 *fill*         0x08001c66        0x2 
 .text.USART2_IRQHandler
                0x08001c68       0x14 ./Core/Src/stm32l4xx_it.o
                0x08001c68                USART2_IRQHandler
 .text.EXTI15_10_IRQHandler
                0x08001c7c       0x10 ./Core/Src/stm32l4xx_it.o
                0x08001c7c                EXTI15_10_IRQHandler
 .text.OTG_FS_IRQHandler
                0x08001c8c       0x14 ./Core/Src/stm32l4xx_it.o
                0x08001c8c                OTG_FS_IRQHandler
 .text.LPUART1_IRQHandler
                0x08001ca0       0x14 ./Core/Src/stm32l4xx_it.o
                0x08001ca0                LPUART1_IRQHandler
 .text._sbrk    0x08001cb4       0x6c ./Core/Src/sysmem.o
                0x08001cb4                _sbrk
 .text.SystemInit
                0x08001d20       0x24 ./Core/Src/system_stm32l4xx.o
                0x08001d20                SystemInit
 .text.Reset_Handler
                0x08001d44       0x50 ./Core/Startup/startup_stm32l496zgtxp.o
                0x08001d44                Reset_Handler
 .text.Default_Handler
                0x08001d94        0x2 ./Core/Startup/startup_stm32l496zgtxp.o
                0x08001d94                RTC_Alarm_IRQHandler
                0x08001d94                EXTI2_IRQHandler
                0x08001d94                TIM8_TRG_COM_IRQHandler
                0x08001d94                TIM8_CC_IRQHandler
                0x08001d94                TIM1_CC_IRQHandler
                0x08001d94                TSC_IRQHandler
                0x08001d94                TAMP_STAMP_IRQHandler
                0x08001d94                CAN2_RX1_IRQHandler
                0x08001d94                EXTI3_IRQHandler
                0x08001d94                LPTIM2_IRQHandler
                0x08001d94                DFSDM1_FLT1_IRQHandler
                0x08001d94                I2C3_ER_IRQHandler
                0x08001d94                DFSDM1_FLT2_IRQHandler
                0x08001d94                EXTI0_IRQHandler
                0x08001d94                I2C2_EV_IRQHandler
                0x08001d94                CAN1_RX0_IRQHandler
                0x08001d94                FPU_IRQHandler
                0x08001d94                TIM1_UP_TIM16_IRQHandler
                0x08001d94                CAN2_SCE_IRQHandler
                0x08001d94                ADC1_2_IRQHandler
                0x08001d94                SPI1_IRQHandler
                0x08001d94                TIM6_DAC_IRQHandler
                0x08001d94                DCMI_IRQHandler
                0x08001d94                CAN2_RX0_IRQHandler
                0x08001d94                TIM8_UP_IRQHandler
                0x08001d94                DMA2_Channel2_IRQHandler
                0x08001d94                DMA1_Channel4_IRQHandler
                0x08001d94                SAI2_IRQHandler
                0x08001d94                DFSDM1_FLT3_IRQHandler
                0x08001d94                USART3_IRQHandler
                0x08001d94                DMA1_Channel7_IRQHandler
                0x08001d94                CAN1_RX1_IRQHandler
                0x08001d94                LCD_IRQHandler
                0x08001d94                UART5_IRQHandler
                0x08001d94                ADC3_IRQHandler
                0x08001d94                TIM4_IRQHandler
                0x08001d94                DMA2_Channel1_IRQHandler
                0x08001d94                QUADSPI_IRQHandler
                0x08001d94                I2C1_EV_IRQHandler
                0x08001d94                DMA1_Channel6_IRQHandler
                0x08001d94                UART4_IRQHandler
                0x08001d94                DMA2_Channel4_IRQHandler
                0x08001d94                TIM3_IRQHandler
                0x08001d94                RCC_IRQHandler
                0x08001d94                DMA1_Channel1_IRQHandler
                0x08001d94                Default_Handler
                0x08001d94                DMA2_Channel7_IRQHandler
                0x08001d94                TIM7_IRQHandler
                0x08001d94                SDMMC1_IRQHandler
                0x08001d94                CAN2_TX_IRQHandler
                0x08001d94                TIM5_IRQHandler
                0x08001d94                I2C3_EV_IRQHandler
                0x08001d94                EXTI9_5_IRQHandler
                0x08001d94                RTC_WKUP_IRQHandler
                0x08001d94                PVD_PVM_IRQHandler
                0x08001d94                SPI2_IRQHandler
                0x08001d94                CAN1_TX_IRQHandler
                0x08001d94                DMA2_Channel5_IRQHandler
                0x08001d94                CRS_IRQHandler
                0x08001d94                DMA1_Channel5_IRQHandler
                0x08001d94                EXTI4_IRQHandler
                0x08001d94                RNG_IRQHandler
                0x08001d94                TIM1_TRG_COM_TIM17_IRQHandler
                0x08001d94                DMA1_Channel3_IRQHandler
                0x08001d94                COMP_IRQHandler
                0x08001d94                WWDG_IRQHandler
                0x08001d94                I2C4_EV_IRQHandler
                0x08001d94                DMA2_Channel6_IRQHandler
                0x08001d94                TIM2_IRQHandler
                0x08001d94                EXTI1_IRQHandler
                0x08001d94                DFSDM1_FLT0_IRQHandler
                0x08001d94                I2C2_ER_IRQHandler
                0x08001d94                DMA1_Channel2_IRQHandler
                0x08001d94                TIM8_BRK_IRQHandler
                0x08001d94                CAN1_SCE_IRQHandler
                0x08001d94                FLASH_IRQHandler
                0x08001d94                USART1_IRQHandler
                0x08001d94                SPI3_IRQHandler
                0x08001d94                I2C1_ER_IRQHandler
                0x08001d94                FMC_IRQHandler
                0x08001d94                SWPMI1_IRQHandler
                0x08001d94                LPTIM1_IRQHandler
                0x08001d94                I2C4_ER_IRQHandler
                0x08001d94                SAI1_IRQHandler
                0x08001d94                DMA2_Channel3_IRQHandler
                0x08001d94                TIM1_BRK_TIM15_IRQHandler
 .text.HAL_Init
                0x08001d96       0x30 ./Drivers/STM32L4xx_HAL_Driver/Src/stm32l4xx_hal.o
                0x08001d96                HAL_Init
 *fill*         0x08001dc6        0x2 
 .text.HAL_InitTick
                0x08001dc8       0x78 ./Drivers/STM32L4xx_HAL_Driver/Src/stm32l4xx_hal.o
                0x08001dc8                HAL_InitTick
 .text.HAL_IncTick
                0x08001e40       0x28 ./Drivers/STM32L4xx_HAL_Driver/Src/stm32l4xx_hal.o
                0x08001e40                HAL_IncTick
 .text.HAL_GetTick
                0x08001e68       0x18 ./Drivers/STM32L4xx_HAL_Driver/Src/stm32l4xx_hal.o
                0x08001e68                HAL_GetTick
 .text.HAL_Delay
                0x08001e80       0x48 ./Drivers/STM32L4xx_HAL_Driver/Src/stm32l4xx_hal.o
                0x08001e80                HAL_Delay
 .text.__NVIC_SetPriorityGrouping
                0x08001ec8       0x48 ./Drivers/STM32L4xx_HAL_Driver/Src/stm32l4xx_hal_cortex.o
 .text.__NVIC_GetPriorityGrouping
                0x08001f10       0x1c ./Drivers/STM32L4xx_HAL_Driver/Src/stm32l4xx_hal_cortex.o
 .text.__NVIC_EnableIRQ
                0x08001f2c       0x3c ./Drivers/STM32L4xx_HAL_Driver/Src/stm32l4xx_hal_cortex.o
 .text.__NVIC_SetPriority
                0x08001f68       0x54 ./Drivers/STM32L4xx_HAL_Driver/Src/stm32l4xx_hal_cortex.o
 .text.NVIC_EncodePriority
                0x08001fbc       0x66 ./Drivers/STM32L4xx_HAL_Driver/Src/stm32l4xx_hal_cortex.o
 *fill*         0x08002022        0x2 
 .text.SysTick_Config
                0x08002024       0x44 ./Drivers/STM32L4xx_HAL_Driver/Src/stm32l4xx_hal_cortex.o
 .text.HAL_NVIC_SetPriorityGrouping
                0x08002068       0x16 ./Drivers/STM32L4xx_HAL_Driver/Src/stm32l4xx_hal_cortex.o
                0x08002068                HAL_NVIC_SetPriorityGrouping
 .text.HAL_NVIC_SetPriority
                0x0800207e       0x38 ./Drivers/STM32L4xx_HAL_Driver/Src/stm32l4xx_hal_cortex.o
                0x0800207e                HAL_NVIC_SetPriority
 .text.HAL_NVIC_EnableIRQ
                0x080020b6       0x1c ./Drivers/STM32L4xx_HAL_Driver/Src/stm32l4xx_hal_cortex.o
                0x080020b6                HAL_NVIC_EnableIRQ
 .text.HAL_SYSTICK_Config
                0x080020d2       0x18 ./Drivers/STM32L4xx_HAL_Driver/Src/stm32l4xx_hal_cortex.o
                0x080020d2                HAL_SYSTICK_Config
 .text.HAL_DMA_Abort
                0x080020ea       0x7c ./Drivers/STM32L4xx_HAL_Driver/Src/stm32l4xx_hal_dma.o
                0x080020ea                HAL_DMA_Abort
 .text.HAL_DMA_Abort_IT
                0x08002166       0x82 ./Drivers/STM32L4xx_HAL_Driver/Src/stm32l4xx_hal_dma.o
                0x08002166                HAL_DMA_Abort_IT
 .text.HAL_GPIO_Init
                0x080021e8      0x324 ./Drivers/STM32L4xx_HAL_Driver/Src/stm32l4xx_hal_gpio.o
                0x080021e8                HAL_GPIO_Init
 .text.HAL_GPIO_WritePin
                0x0800250c       0x30 ./Drivers/STM32L4xx_HAL_Driver/Src/stm32l4xx_hal_gpio.o
                0x0800250c                HAL_GPIO_WritePin
 .text.HAL_GPIO_EXTI_IRQHandler
                0x0800253c       0x30 ./Drivers/STM32L4xx_HAL_Driver/Src/stm32l4xx_hal_gpio.o
                0x0800253c                HAL_GPIO_EXTI_IRQHandler
 .text.HAL_GPIO_EXTI_Callback
                0x0800256c       0x16 ./Drivers/STM32L4xx_HAL_Driver/Src/stm32l4xx_hal_gpio.o
                0x0800256c                HAL_GPIO_EXTI_Callback
 .text.HAL_HCD_Init
                0x08002582       0xc4 ./Drivers/STM32L4xx_HAL_Driver/Src/stm32l4xx_hal_hcd.o
                0x08002582                HAL_HCD_Init
 .text.HAL_HCD_HC_Init
                0x08002646      0x144 ./Drivers/STM32L4xx_HAL_Driver/Src/stm32l4xx_hal_hcd.o
                0x08002646                HAL_HCD_HC_Init
 .text.HAL_HCD_HC_Halt
                0x0800278a       0x46 ./Drivers/STM32L4xx_HAL_Driver/Src/stm32l4xx_hal_hcd.o
                0x0800278a                HAL_HCD_HC_Halt
 .text.HAL_HCD_HC_SubmitRequest
                0x080027d0      0x2dc ./Drivers/STM32L4xx_HAL_Driver/Src/stm32l4xx_hal_hcd.o
                0x080027d0                HAL_HCD_HC_SubmitRequest
 .text.HAL_HCD_IRQHandler
                0x08002aac      0x21e ./Drivers/STM32L4xx_HAL_Driver/Src/stm32l4xx_hal_hcd.o
                0x08002aac                HAL_HCD_IRQHandler
 .text.HAL_HCD_Start
                0x08002cca       0x46 ./Drivers/STM32L4xx_HAL_Driver/Src/stm32l4xx_hal_hcd.o
                0x08002cca                HAL_HCD_Start
 .text.HAL_HCD_Stop
                0x08002d10       0x3a ./Drivers/STM32L4xx_HAL_Driver/Src/stm32l4xx_hal_hcd.o
                0x08002d10                HAL_HCD_Stop
 .text.HAL_HCD_ResetPort
                0x08002d4a       0x1c ./Drivers/STM32L4xx_HAL_Driver/Src/stm32l4xx_hal_hcd.o
                0x08002d4a                HAL_HCD_ResetPort
 .text.HAL_HCD_HC_GetURBState
                0x08002d66       0x2a ./Drivers/STM32L4xx_HAL_Driver/Src/stm32l4xx_hal_hcd.o
                0x08002d66                HAL_HCD_HC_GetURBState
 .text.HAL_HCD_GetCurrentFrame
                0x08002d90       0x1c ./Drivers/STM32L4xx_HAL_Driver/Src/stm32l4xx_hal_hcd.o
                0x08002d90                HAL_HCD_GetCurrentFrame
 .text.HAL_HCD_GetCurrentSpeed
                0x08002dac       0x1c ./Drivers/STM32L4xx_HAL_Driver/Src/stm32l4xx_hal_hcd.o
                0x08002dac                HAL_HCD_GetCurrentSpeed
 .text.HAL_HCD_HC_ClearHubInfo
                0x08002dc8       0x42 ./Drivers/STM32L4xx_HAL_Driver/Src/stm32l4xx_hal_hcd.o
                0x08002dc8                HAL_HCD_HC_ClearHubInfo
 .text.HCD_HC_IN_IRQHandler
                0x08002e0a      0x876 ./Drivers/STM32L4xx_HAL_Driver/Src/stm32l4xx_hal_hcd.o
 .text.HCD_HC_OUT_IRQHandler
                0x08003680      0x5ac ./Drivers/STM32L4xx_HAL_Driver/Src/stm32l4xx_hal_hcd.o
 .text.HCD_RXQLVL_IRQHandler
                0x08003c2c      0x1be ./Drivers/STM32L4xx_HAL_Driver/Src/stm32l4xx_hal_hcd.o
 .text.HCD_Port_IRQHandler
                0x08003dea       0xe6 ./Drivers/STM32L4xx_HAL_Driver/Src/stm32l4xx_hal_hcd.o
 .text.HAL_PWR_EnableBkUpAccess
                0x08003ed0       0x20 ./Drivers/STM32L4xx_HAL_Driver/Src/stm32l4xx_hal_pwr.o
                0x08003ed0                HAL_PWR_EnableBkUpAccess
 .text.HAL_PWREx_GetVoltageRange
                0x08003ef0       0x1c ./Drivers/STM32L4xx_HAL_Driver/Src/stm32l4xx_hal_pwr_ex.o
                0x08003ef0                HAL_PWREx_GetVoltageRange
 .text.HAL_PWREx_ControlVoltageScaling
                0x08003f0c       0xac ./Drivers/STM32L4xx_HAL_Driver/Src/stm32l4xx_hal_pwr_ex.o
                0x08003f0c                HAL_PWREx_ControlVoltageScaling
 .text.HAL_PWREx_EnableVddUSB
                0x08003fb8       0x20 ./Drivers/STM32L4xx_HAL_Driver/Src/stm32l4xx_hal_pwr_ex.o
                0x08003fb8                HAL_PWREx_EnableVddUSB
 .text.HAL_PWREx_EnableVddIO2
                0x08003fd8       0x20 ./Drivers/STM32L4xx_HAL_Driver/Src/stm32l4xx_hal_pwr_ex.o
                0x08003fd8                HAL_PWREx_EnableVddIO2
 .text.HAL_RCC_OscConfig
                0x08003ff8      0x834 ./Drivers/STM32L4xx_HAL_Driver/Src/stm32l4xx_hal_rcc.o
                0x08003ff8                HAL_RCC_OscConfig
 .text.HAL_RCC_ClockConfig
                0x0800482c      0x200 ./Drivers/STM32L4xx_HAL_Driver/Src/stm32l4xx_hal_rcc.o
                0x0800482c                HAL_RCC_ClockConfig
 .text.HAL_RCC_GetSysClockFreq
                0x08004a2c      0x118 ./Drivers/STM32L4xx_HAL_Driver/Src/stm32l4xx_hal_rcc.o
                0x08004a2c                HAL_RCC_GetSysClockFreq
 .text.HAL_RCC_GetHCLKFreq
                0x08004b44       0x18 ./Drivers/STM32L4xx_HAL_Driver/Src/stm32l4xx_hal_rcc.o
                0x08004b44                HAL_RCC_GetHCLKFreq
 .text.HAL_RCC_GetPCLK1Freq
                0x08004b5c       0x2c ./Drivers/STM32L4xx_HAL_Driver/Src/stm32l4xx_hal_rcc.o
                0x08004b5c                HAL_RCC_GetPCLK1Freq
 .text.HAL_RCC_GetPCLK2Freq
                0x08004b88       0x2c ./Drivers/STM32L4xx_HAL_Driver/Src/stm32l4xx_hal_rcc.o
                0x08004b88                HAL_RCC_GetPCLK2Freq
 .text.RCC_SetFlashLatencyFromMSIRange
                0x08004bb4       0xc0 ./Drivers/STM32L4xx_HAL_Driver/Src/stm32l4xx_hal_rcc.o
 .text.HAL_RCCEx_PeriphCLKConfig
                0x08004c74      0x5f8 ./Drivers/STM32L4xx_HAL_Driver/Src/stm32l4xx_hal_rcc_ex.o
                0x08004c74                HAL_RCCEx_PeriphCLKConfig
 .text.HAL_RCCEx_EnableMSIPLLMode
                0x0800526c       0x20 ./Drivers/STM32L4xx_HAL_Driver/Src/stm32l4xx_hal_rcc_ex.o
                0x0800526c                HAL_RCCEx_EnableMSIPLLMode
 .text.RCCEx_PLLSAI1_Config
                0x0800528c      0x1e4 ./Drivers/STM32L4xx_HAL_Driver/Src/stm32l4xx_hal_rcc_ex.o
 .text.RCCEx_PLLSAI2_Config
                0x08005470      0x1b8 ./Drivers/STM32L4xx_HAL_Driver/Src/stm32l4xx_hal_rcc_ex.o
 .text.HAL_SPI_Init
                0x08005628      0x146 ./Drivers/STM32L4xx_HAL_Driver/Src/stm32l4xx_hal_spi.o
                0x08005628                HAL_SPI_Init
 .text.HAL_SPI_Transmit
                0x0800576e      0x2ea ./Drivers/STM32L4xx_HAL_Driver/Src/stm32l4xx_hal_spi.o
                0x0800576e                HAL_SPI_Transmit
 .text.HAL_SPI_TransmitReceive
                0x08005a58      0x444 ./Drivers/STM32L4xx_HAL_Driver/Src/stm32l4xx_hal_spi.o
                0x08005a58                HAL_SPI_TransmitReceive
 .text.SPI_WaitFlagStateUntilTimeout
                0x08005e9c      0x110 ./Drivers/STM32L4xx_HAL_Driver/Src/stm32l4xx_hal_spi.o
 .text.SPI_WaitFifoStateUntilTimeout
                0x08005fac      0x12c ./Drivers/STM32L4xx_HAL_Driver/Src/stm32l4xx_hal_spi.o
 .text.SPI_EndRxTxTransaction
                0x080060d8       0x8c ./Drivers/STM32L4xx_HAL_Driver/Src/stm32l4xx_hal_spi.o
 .text.HAL_UART_Init
                0x08006164       0x9c ./Drivers/STM32L4xx_HAL_Driver/Src/stm32l4xx_hal_uart.o
                0x08006164                HAL_UART_Init
 .text.HAL_UART_Transmit
                0x08006200      0x112 ./Drivers/STM32L4xx_HAL_Driver/Src/stm32l4xx_hal_uart.o
                0x08006200                HAL_UART_Transmit
 *fill*         0x08006312        0x2 
 .text.HAL_UART_Receive_IT
                0x08006314       0x98 ./Drivers/STM32L4xx_HAL_Driver/Src/stm32l4xx_hal_uart.o
                0x08006314                HAL_UART_Receive_IT
 .text.HAL_UART_IRQHandler
                0x080063ac      0x5d4 ./Drivers/STM32L4xx_HAL_Driver/Src/stm32l4xx_hal_uart.o
                0x080063ac                HAL_UART_IRQHandler
 .text.HAL_UART_TxCpltCallback
                0x08006980       0x14 ./Drivers/STM32L4xx_HAL_Driver/Src/stm32l4xx_hal_uart.o
                0x08006980                HAL_UART_TxCpltCallback
 .text.HAL_UART_ErrorCallback
                0x08006994       0x14 ./Drivers/STM32L4xx_HAL_Driver/Src/stm32l4xx_hal_uart.o
                0x08006994                HAL_UART_ErrorCallback
 .text.HAL_UARTEx_RxEventCallback
                0x080069a8       0x18 ./Drivers/STM32L4xx_HAL_Driver/Src/stm32l4xx_hal_uart.o
                0x080069a8                HAL_UARTEx_RxEventCallback
 .text.UART_SetConfig
                0x080069c0      0x570 ./Drivers/STM32L4xx_HAL_Driver/Src/stm32l4xx_hal_uart.o
                0x080069c0                UART_SetConfig
 .text.UART_AdvFeatureConfig
                0x08006f30      0x144 ./Drivers/STM32L4xx_HAL_Driver/Src/stm32l4xx_hal_uart.o
                0x08006f30                UART_AdvFeatureConfig
 .text.UART_CheckIdleState
                0x08007074      0x150 ./Drivers/STM32L4xx_HAL_Driver/Src/stm32l4xx_hal_uart.o
                0x08007074                UART_CheckIdleState
 .text.UART_WaitOnFlagUntilTimeout
                0x080071c4       0xce ./Drivers/STM32L4xx_HAL_Driver/Src/stm32l4xx_hal_uart.o
                0x080071c4                UART_WaitOnFlagUntilTimeout
 *fill*         0x08007292        0x2 
 .text.UART_Start_Receive_IT
                0x08007294      0x18c ./Drivers/STM32L4xx_HAL_Driver/Src/stm32l4xx_hal_uart.o
                0x08007294                UART_Start_Receive_IT
 .text.UART_EndRxTransfer
                0x08007420       0xc8 ./Drivers/STM32L4xx_HAL_Driver/Src/stm32l4xx_hal_uart.o
 .text.UART_DMAAbortOnError
                0x080074e8       0x2c ./Drivers/STM32L4xx_HAL_Driver/Src/stm32l4xx_hal_uart.o
 .text.UART_EndTransmit_IT
                0x08007514       0x54 ./Drivers/STM32L4xx_HAL_Driver/Src/stm32l4xx_hal_uart.o
 .text.UART_RxISR_8BIT
                0x08007568      0x1bc ./Drivers/STM32L4xx_HAL_Driver/Src/stm32l4xx_hal_uart.o
 .text.UART_RxISR_16BIT
                0x08007724      0x1bc ./Drivers/STM32L4xx_HAL_Driver/Src/stm32l4xx_hal_uart.o
 .text.HAL_UARTEx_WakeupCallback
                0x080078e0       0x14 ./Drivers/STM32L4xx_HAL_Driver/Src/stm32l4xx_hal_uart_ex.o
                0x080078e0                HAL_UARTEx_WakeupCallback
 .text.USB_CoreInit
                0x080078f4       0x58 ./Drivers/STM32L4xx_HAL_Driver/Src/stm32l4xx_ll_usb.o
                0x080078f4                USB_CoreInit
 .text.USB_EnableGlobalInt
                0x0800794c       0x22 ./Drivers/STM32L4xx_HAL_Driver/Src/stm32l4xx_ll_usb.o
                0x0800794c                USB_EnableGlobalInt
 .text.USB_DisableGlobalInt
                0x0800796e       0x22 ./Drivers/STM32L4xx_HAL_Driver/Src/stm32l4xx_ll_usb.o
                0x0800796e                USB_DisableGlobalInt
 .text.USB_SetCurrentMode
                0x08007990       0x98 ./Drivers/STM32L4xx_HAL_Driver/Src/stm32l4xx_ll_usb.o
                0x08007990                USB_SetCurrentMode
 .text.USB_FlushTxFifo
                0x08007a28       0x68 ./Drivers/STM32L4xx_HAL_Driver/Src/stm32l4xx_ll_usb.o
                0x08007a28                USB_FlushTxFifo
 .text.USB_FlushRxFifo
                0x08007a90       0x60 ./Drivers/STM32L4xx_HAL_Driver/Src/stm32l4xx_ll_usb.o
                0x08007a90                USB_FlushRxFifo
 .text.USB_WritePacket
                0x08007af0       0x74 ./Drivers/STM32L4xx_HAL_Driver/Src/stm32l4xx_ll_usb.o
                0x08007af0                USB_WritePacket
 .text.USB_ReadPacket
                0x08007b64       0xb0 ./Drivers/STM32L4xx_HAL_Driver/Src/stm32l4xx_ll_usb.o
                0x08007b64                USB_ReadPacket
 .text.USB_ReadInterrupts
                0x08007c14       0x26 ./Drivers/STM32L4xx_HAL_Driver/Src/stm32l4xx_ll_usb.o
                0x08007c14                USB_ReadInterrupts
 .text.USB_ReadChInterrupts
                0x08007c3a       0x42 ./Drivers/STM32L4xx_HAL_Driver/Src/stm32l4xx_ll_usb.o
                0x08007c3a                USB_ReadChInterrupts
 .text.USB_GetMode
                0x08007c7c       0x1c ./Drivers/STM32L4xx_HAL_Driver/Src/stm32l4xx_ll_usb.o
                0x08007c7c                USB_GetMode
 .text.USB_CoreReset
                0x08007c98       0x68 ./Drivers/STM32L4xx_HAL_Driver/Src/stm32l4xx_ll_usb.o
 .text.USB_HostInit
                0x08007d00      0x104 ./Drivers/STM32L4xx_HAL_Driver/Src/stm32l4xx_ll_usb.o
                0x08007d00                USB_HostInit
 .text.USB_InitFSLSPClkSel
                0x08007e04       0x7a ./Drivers/STM32L4xx_HAL_Driver/Src/stm32l4xx_ll_usb.o
                0x08007e04                USB_InitFSLSPClkSel
 .text.USB_ResetPort
                0x08007e7e       0x54 ./Drivers/STM32L4xx_HAL_Driver/Src/stm32l4xx_ll_usb.o
                0x08007e7e                USB_ResetPort
 .text.USB_DriveVbus
                0x08007ed2       0x72 ./Drivers/STM32L4xx_HAL_Driver/Src/stm32l4xx_ll_usb.o
                0x08007ed2                USB_DriveVbus
 .text.USB_GetHostSpeed
                0x08007f44       0x2e ./Drivers/STM32L4xx_HAL_Driver/Src/stm32l4xx_ll_usb.o
                0x08007f44                USB_GetHostSpeed
 .text.USB_GetCurrentFrame
                0x08007f72       0x22 ./Drivers/STM32L4xx_HAL_Driver/Src/stm32l4xx_ll_usb.o
                0x08007f72                USB_GetCurrentFrame
 .text.USB_HC_Init
                0x08007f94      0x218 ./Drivers/STM32L4xx_HAL_Driver/Src/stm32l4xx_ll_usb.o
                0x08007f94                USB_HC_Init
 .text.USB_HC_StartXfer
                0x080081ac      0x1f0 ./Drivers/STM32L4xx_HAL_Driver/Src/stm32l4xx_ll_usb.o
                0x080081ac                USB_HC_StartXfer
 .text.USB_HC_ReadInterrupt
                0x0800839c       0x22 ./Drivers/STM32L4xx_HAL_Driver/Src/stm32l4xx_ll_usb.o
                0x0800839c                USB_HC_ReadInterrupt
 .text.USB_HC_Halt
                0x080083be      0x240 ./Drivers/STM32L4xx_HAL_Driver/Src/stm32l4xx_ll_usb.o
                0x080083be                USB_HC_Halt
 .text.USB_StopHost
                0x080085fe      0x124 ./Drivers/STM32L4xx_HAL_Driver/Src/stm32l4xx_ll_usb.o
                0x080085fe                USB_StopHost
 .text.USBH_AUDIO_InterfaceInit
                0x08008722      0x37e ./Middlewares/ST/STM32_USB_Host_Library/Class/AUDIO/Src/usbh_audio.o
 .text.USBH_AUDIO_InterfaceDeInit
                0x08008aa0       0xca ./Middlewares/ST/STM32_USB_Host_Library/Class/AUDIO/Src/usbh_audio.o
 *fill*         0x08008b6a        0x2 
 .text.USBH_AUDIO_ClassRequest
                0x08008b6c      0x1c4 ./Middlewares/ST/STM32_USB_Host_Library/Class/AUDIO/Src/usbh_audio.o
 .text.USBH_AUDIO_CSRequest
                0x08008d30      0x1a0 ./Middlewares/ST/STM32_USB_Host_Library/Class/AUDIO/Src/usbh_audio.o
 .text.USBH_AUDIO_HandleCSRequest
                0x08008ed0       0x7c ./Middlewares/ST/STM32_USB_Host_Library/Class/AUDIO/Src/usbh_audio.o
 .text.USBH_AUDIO_Process
                0x08008f4c       0x40 ./Middlewares/ST/STM32_USB_Host_Library/Class/AUDIO/Src/usbh_audio.o
 .text.USBH_AUDIO_SOFProcess
                0x08008f8c       0x16 ./Middlewares/ST/STM32_USB_Host_Library/Class/AUDIO/Src/usbh_audio.o
 .text.USBH_AUDIO_FindAudioStreamingIN
                0x08008fa2      0x17e ./Middlewares/ST/STM32_USB_Host_Library/Class/AUDIO/Src/usbh_audio.o
 .text.USBH_AUDIO_FindAudioStreamingOUT
                0x08009120      0x17e ./Middlewares/ST/STM32_USB_Host_Library/Class/AUDIO/Src/usbh_audio.o
 .text.USBH_AUDIO_FindHIDControl
                0x0800929e      0x104 ./Middlewares/ST/STM32_USB_Host_Library/Class/AUDIO/Src/usbh_audio.o
 .text.USBH_AUDIO_ParseCSDescriptors
                0x080093a2       0xda ./Middlewares/ST/STM32_USB_Host_Library/Class/AUDIO/Src/usbh_audio.o
 .text.ParseCSDescriptors
                0x0800947c      0x134 ./Middlewares/ST/STM32_USB_Host_Library/Class/AUDIO/Src/usbh_audio.o
 .text.USBH_AUDIO_FindLinkedUnit
                0x080095b0      0x168 ./Middlewares/ST/STM32_USB_Host_Library/Class/AUDIO/Src/usbh_audio.o
 .text.USBH_AUDIO_BuildMicrophonePath
                0x08009718      0x110 ./Middlewares/ST/STM32_USB_Host_Library/Class/AUDIO/Src/usbh_audio.o
 .text.USBH_AUDIO_BuildHeadphonePath
                0x08009828      0x184 ./Middlewares/ST/STM32_USB_Host_Library/Class/AUDIO/Src/usbh_audio.o
 .text.USBH_AC_SetCur
                0x080099ac       0xf4 ./Middlewares/ST/STM32_USB_Host_Library/Class/AUDIO/Src/usbh_audio.o
 .text.USBH_AC_GetCur
                0x08009aa0      0x12e ./Middlewares/ST/STM32_USB_Host_Library/Class/AUDIO/Src/usbh_audio.o
 .text.USBH_AC_GetMax
                0x08009bce      0x12e ./Middlewares/ST/STM32_USB_Host_Library/Class/AUDIO/Src/usbh_audio.o
 .text.USBH_AC_GetRes
                0x08009cfc      0x12e ./Middlewares/ST/STM32_USB_Host_Library/Class/AUDIO/Src/usbh_audio.o
 .text.USBH_AC_GetMin
                0x08009e2a      0x12e ./Middlewares/ST/STM32_USB_Host_Library/Class/AUDIO/Src/usbh_audio.o
 .text.USBH_AUDIO_SetEndpointControls
                0x08009f58       0x50 ./Middlewares/ST/STM32_USB_Host_Library/Class/AUDIO/Src/usbh_audio.o
 .text.USBH_AUDIO_InputStream
                0x08009fa8       0x1a ./Middlewares/ST/STM32_USB_Host_Library/Class/AUDIO/Src/usbh_audio.o
 *fill*         0x08009fc2        0x2 
 .text.USBH_AUDIO_Control
                0x08009fc4      0x168 ./Middlewares/ST/STM32_USB_Host_Library/Class/AUDIO/Src/usbh_audio.o
 .text.USBH_AUDIO_OutputStream
                0x0800a12c       0xf0 ./Middlewares/ST/STM32_USB_Host_Library/Class/AUDIO/Src/usbh_audio.o
 .text.USBH_AUDIO_Transmit
                0x0800a21c      0x168 ./Middlewares/ST/STM32_USB_Host_Library/Class/AUDIO/Src/usbh_audio.o
 .text.USBH_AUDIO_SetControlAttribute
                0x0800a384       0xf8 ./Middlewares/ST/STM32_USB_Host_Library/Class/AUDIO/Src/usbh_audio.o
 .text.AUDIO_SetVolume
                0x0800a47c       0x52 ./Middlewares/ST/STM32_USB_Host_Library/Class/AUDIO/Src/usbh_audio.o
 .text.USBH_AUDIO_FrequencySet
                0x0800a4ce       0x14 ./Middlewares/ST/STM32_USB_Host_Library/Class/AUDIO/Src/usbh_audio.o
                0x0800a4ce                USBH_AUDIO_FrequencySet
 .text.USBH_AUDIO_BufferEmptyCallback
                0x0800a4e2       0x14 ./Middlewares/ST/STM32_USB_Host_Library/Class/AUDIO/Src/usbh_audio.o
                0x0800a4e2                USBH_AUDIO_BufferEmptyCallback
 .text.USBH_Init
                0x0800a4f6       0x74 ./Middlewares/ST/STM32_USB_Host_Library/Core/Src/usbh_core.o
                0x0800a4f6                USBH_Init
 .text.DeInitStateMachine
                0x0800a56a       0xea ./Middlewares/ST/STM32_USB_Host_Library/Core/Src/usbh_core.o
 .text.USBH_RegisterClass
                0x0800a654       0x56 ./Middlewares/ST/STM32_USB_Host_Library/Core/Src/usbh_core.o
                0x0800a654                USBH_RegisterClass
 .text.USBH_FindInterface
                0x0800a6aa       0x8c ./Middlewares/ST/STM32_USB_Host_Library/Core/Src/usbh_core.o
                0x0800a6aa                USBH_FindInterface
 .text.USBH_FindInterfaceIndex
                0x0800a736       0x66 ./Middlewares/ST/STM32_USB_Host_Library/Core/Src/usbh_core.o
                0x0800a736                USBH_FindInterfaceIndex
 .text.USBH_Start
                0x0800a79c       0x20 ./Middlewares/ST/STM32_USB_Host_Library/Core/Src/usbh_core.o
                0x0800a79c                USBH_Start
 .text.USBH_Process
                0x0800a7bc      0x3d4 ./Middlewares/ST/STM32_USB_Host_Library/Core/Src/usbh_core.o
                0x0800a7bc                USBH_Process
 .text.USBH_HandleEnum
                0x0800ab90      0x3c0 ./Middlewares/ST/STM32_USB_Host_Library/Core/Src/usbh_core.o
 .text.USBH_LL_SetTimer
                0x0800af50       0x1e ./Middlewares/ST/STM32_USB_Host_Library/Core/Src/usbh_core.o
                0x0800af50                USBH_LL_SetTimer
 .text.USBH_LL_IncTimer
                0x0800af6e       0x24 ./Middlewares/ST/STM32_USB_Host_Library/Core/Src/usbh_core.o
                0x0800af6e                USBH_LL_IncTimer
 .text.USBH_HandleSof
                0x0800af92       0x30 ./Middlewares/ST/STM32_USB_Host_Library/Core/Src/usbh_core.o
 .text.USBH_LL_PortEnabled
                0x0800afc2       0x1c ./Middlewares/ST/STM32_USB_Host_Library/Core/Src/usbh_core.o
                0x0800afc2                USBH_LL_PortEnabled
 .text.USBH_LL_PortDisabled
                0x0800afde       0x1c ./Middlewares/ST/STM32_USB_Host_Library/Core/Src/usbh_core.o
                0x0800afde                USBH_LL_PortDisabled
 .text.USBH_LL_Connect
                0x0800affa       0x2e ./Middlewares/ST/STM32_USB_Host_Library/Core/Src/usbh_core.o
                0x0800affa                USBH_LL_Connect
 .text.USBH_LL_Disconnect
                0x0800b028       0x48 ./Middlewares/ST/STM32_USB_Host_Library/Core/Src/usbh_core.o
                0x0800b028                USBH_LL_Disconnect
 .text.USBH_Get_DevDesc
                0x0800b070       0x58 ./Middlewares/ST/STM32_USB_Host_Library/Core/Src/usbh_ctlreq.o
                0x0800b070                USBH_Get_DevDesc
 .text.USBH_Get_CfgDesc
                0x0800b0c8       0x54 ./Middlewares/ST/STM32_USB_Host_Library/Core/Src/usbh_ctlreq.o
                0x0800b0c8                USBH_Get_CfgDesc
 .text.USBH_Get_StringDesc
                0x0800b11c       0x68 ./Middlewares/ST/STM32_USB_Host_Library/Core/Src/usbh_ctlreq.o
                0x0800b11c                USBH_Get_StringDesc
 .text.USBH_GetDescriptor
                0x0800b184       0x6a ./Middlewares/ST/STM32_USB_Host_Library/Core/Src/usbh_ctlreq.o
                0x0800b184                USBH_GetDescriptor
 .text.USBH_SetAddress
                0x0800b1ee       0x48 ./Middlewares/ST/STM32_USB_Host_Library/Core/Src/usbh_ctlreq.o
                0x0800b1ee                USBH_SetAddress
 .text.USBH_SetCfg
                0x0800b236       0x46 ./Middlewares/ST/STM32_USB_Host_Library/Core/Src/usbh_ctlreq.o
                0x0800b236                USBH_SetCfg
 .text.USBH_SetInterface
                0x0800b27c       0x4e ./Middlewares/ST/STM32_USB_Host_Library/Core/Src/usbh_ctlreq.o
                0x0800b27c                USBH_SetInterface
 .text.USBH_SetFeature
                0x0800b2ca       0x48 ./Middlewares/ST/STM32_USB_Host_Library/Core/Src/usbh_ctlreq.o
                0x0800b2ca                USBH_SetFeature
 *fill*         0x0800b312        0x2 
 .text.USBH_ParseDevDesc
                0x0800b314      0x160 ./Middlewares/ST/STM32_USB_Host_Library/Core/Src/usbh_ctlreq.o
 .text.USBH_ParseCfgDesc
                0x0800b474      0x1f0 ./Middlewares/ST/STM32_USB_Host_Library/Core/Src/usbh_ctlreq.o
 .text.USBH_ParseInterfaceDesc
                0x0800b664       0x68 ./Middlewares/ST/STM32_USB_Host_Library/Core/Src/usbh_ctlreq.o
 .text.USBH_ParseEPDesc
                0x0800b6cc      0x1d0 ./Middlewares/ST/STM32_USB_Host_Library/Core/Src/usbh_ctlreq.o
 .text.USBH_ParseStringDesc
                0x0800b89c       0x66 ./Middlewares/ST/STM32_USB_Host_Library/Core/Src/usbh_ctlreq.o
 .text.USBH_GetNextDesc
                0x0800b902       0x34 ./Middlewares/ST/STM32_USB_Host_Library/Core/Src/usbh_ctlreq.o
                0x0800b902                USBH_GetNextDesc
 .text.USBH_CtlReq
                0x0800b936       0x7a ./Middlewares/ST/STM32_USB_Host_Library/Core/Src/usbh_ctlreq.o
                0x0800b936                USBH_CtlReq
 .text.USBH_HandleControl
                0x0800b9b0      0x2e8 ./Middlewares/ST/STM32_USB_Host_Library/Core/Src/usbh_ctlreq.o
 .text.USBH_CtlSendSetup
                0x0800bc98       0x34 ./Middlewares/ST/STM32_USB_Host_Library/Core/Src/usbh_ioreq.o
                0x0800bc98                USBH_CtlSendSetup
 .text.USBH_CtlSendData
                0x0800bccc       0x4a ./Middlewares/ST/STM32_USB_Host_Library/Core/Src/usbh_ioreq.o
                0x0800bccc                USBH_CtlSendData
 .text.USBH_CtlReceiveData
                0x0800bd16       0x3c ./Middlewares/ST/STM32_USB_Host_Library/Core/Src/usbh_ioreq.o
                0x0800bd16                USBH_CtlReceiveData
 .text.USBH_InterruptReceiveData
                0x0800bd52       0x3e ./Middlewares/ST/STM32_USB_Host_Library/Core/Src/usbh_ioreq.o
                0x0800bd52                USBH_InterruptReceiveData
 .text.USBH_IsocSendData
                0x0800bd90       0x36 ./Middlewares/ST/STM32_USB_Host_Library/Core/Src/usbh_ioreq.o
                0x0800bd90                USBH_IsocSendData
 .text.USBH_OpenPipe
                0x0800bdc6       0x3e ./Middlewares/ST/STM32_USB_Host_Library/Core/Src/usbh_pipes.o
                0x0800bdc6                USBH_OpenPipe
 .text.USBH_ClosePipe
                0x0800be04       0x20 ./Middlewares/ST/STM32_USB_Host_Library/Core/Src/usbh_pipes.o
                0x0800be04                USBH_ClosePipe
 .text.USBH_AllocPipe
                0x0800be24       0x44 ./Middlewares/ST/STM32_USB_Host_Library/Core/Src/usbh_pipes.o
                0x0800be24                USBH_AllocPipe
 .text.USBH_FreePipe
                0x0800be68       0x40 ./Middlewares/ST/STM32_USB_Host_Library/Core/Src/usbh_pipes.o
                0x0800be68                USBH_FreePipe
 .text.USBH_GetFreePipe
                0x0800bea8       0x4a ./Middlewares/ST/STM32_USB_Host_Library/Core/Src/usbh_pipes.o
 *fill*         0x0800bef2        0x2 
 .text.MX_USB_HOST_Init
                0x0800bef4       0x4c ./USB_HOST/App/usb_host.o
                0x0800bef4                MX_USB_HOST_Init
 .text.MX_USB_HOST_Process
                0x0800bf40       0x14 ./USB_HOST/App/usb_host.o
                0x0800bf40                MX_USB_HOST_Process
 .text.USBH_UserProcess
                0x0800bf54       0x5c ./USB_HOST/App/usb_host.o
 .text.HAL_HCD_MspInit
                0x0800bfb0      0x124 ./USB_HOST/Target/usbh_conf.o
                0x0800bfb0                HAL_HCD_MspInit
 .text.HAL_HCD_SOF_Callback
                0x0800c0d4       0x1c ./USB_HOST/Target/usbh_conf.o
                0x0800c0d4                HAL_HCD_SOF_Callback
 .text.HAL_HCD_Connect_Callback
                0x0800c0f0       0x1c ./USB_HOST/Target/usbh_conf.o
                0x0800c0f0                HAL_HCD_Connect_Callback
 .text.HAL_HCD_Disconnect_Callback
                0x0800c10c       0x1c ./USB_HOST/Target/usbh_conf.o
                0x0800c10c                HAL_HCD_Disconnect_Callback
 .text.HAL_HCD_HC_NotifyURBChange_Callback
                0x0800c128       0x1c ./USB_HOST/Target/usbh_conf.o
                0x0800c128                HAL_HCD_HC_NotifyURBChange_Callback
 .text.HAL_HCD_PortEnabled_Callback
                0x0800c144       0x1c ./USB_HOST/Target/usbh_conf.o
                0x0800c144                HAL_HCD_PortEnabled_Callback
 .text.HAL_HCD_PortDisabled_Callback
                0x0800c160       0x1c ./USB_HOST/Target/usbh_conf.o
                0x0800c160                HAL_HCD_PortDisabled_Callback
 .text.USBH_LL_Init
                0x0800c17c       0x78 ./USB_HOST/Target/usbh_conf.o
                0x0800c17c                USBH_LL_Init
 .text.USBH_LL_Start
                0x0800c1f4       0x36 ./USB_HOST/Target/usbh_conf.o
                0x0800c1f4                USBH_LL_Start
 .text.USBH_LL_Stop
                0x0800c22a       0x36 ./USB_HOST/Target/usbh_conf.o
                0x0800c22a                USBH_LL_Stop
 .text.USBH_LL_GetSpeed
                0x0800c260       0x4e ./USB_HOST/Target/usbh_conf.o
                0x0800c260                USBH_LL_GetSpeed
 .text.USBH_LL_ResetPort
                0x0800c2ae       0x36 ./USB_HOST/Target/usbh_conf.o
                0x0800c2ae                USBH_LL_ResetPort
 .text.USBH_LL_OpenPipe
                0x0800c2e4       0x5e ./USB_HOST/Target/usbh_conf.o
                0x0800c2e4                USBH_LL_OpenPipe
 .text.USBH_LL_ClosePipe
                0x0800c342       0x3e ./USB_HOST/Target/usbh_conf.o
                0x0800c342                USBH_LL_ClosePipe
 .text.USBH_LL_SubmitURB
                0x0800c380       0x62 ./USB_HOST/Target/usbh_conf.o
                0x0800c380                USBH_LL_SubmitURB
 .text.USBH_LL_GetURBState
                0x0800c3e2       0x26 ./USB_HOST/Target/usbh_conf.o
                0x0800c3e2                USBH_LL_GetURBState
 .text.USBH_LL_DriverVBUS
                0x0800c408       0x2e ./USB_HOST/Target/usbh_conf.o
                0x0800c408                USBH_LL_DriverVBUS
 .text.USBH_LL_SetToggle
                0x0800c436       0x66 ./USB_HOST/Target/usbh_conf.o
                0x0800c436                USBH_LL_SetToggle
 .text.USBH_Delay
                0x0800c49c       0x16 ./USB_HOST/Target/usbh_conf.o
                0x0800c49c                USBH_Delay
 *fill*         0x0800c4b2        0x2 
 .text.USBH_Get_USB_Status
                0x0800c4b4       0x58 ./USB_HOST/Target/usbh_conf.o
                0x0800c4b4                USBH_Get_USB_Status
 .text.MX_DriverVbusFS
                0x0800c50c       0x38 ./USB_HOST/Target/usbh_platform.o
                0x0800c50c                MX_DriverVbusFS
 .text.malloc   0x0800c544       0x10 C:/ST/STM32CubeIDE_1.18.1/STM32CubeIDE/plugins/com.st.stm32cube.ide.mcu.externaltools.gnu-tools-for-stm32.13.3.rel1.win32_1.0.0.202411081344/tools/bin/../lib/gcc/arm-none-eabi/13.3.1/../../../../arm-none-eabi/lib/thumb/v7e-m+fp/hard\libc_nano.a(libc_a-malloc.o)
                0x0800c544                malloc
 .text.free     0x0800c554       0x10 C:/ST/STM32CubeIDE_1.18.1/STM32CubeIDE/plugins/com.st.stm32cube.ide.mcu.externaltools.gnu-tools-for-stm32.13.3.rel1.win32_1.0.0.202411081344/tools/bin/../lib/gcc/arm-none-eabi/13.3.1/../../../../arm-none-eabi/lib/thumb/v7e-m+fp/hard\libc_nano.a(libc_a-malloc.o)
                0x0800c554                free
 .text.sbrk_aligned
                0x0800c564       0x44 C:/ST/STM32CubeIDE_1.18.1/STM32CubeIDE/plugins/com.st.stm32cube.ide.mcu.externaltools.gnu-tools-for-stm32.13.3.rel1.win32_1.0.0.202411081344/tools/bin/../lib/gcc/arm-none-eabi/13.3.1/../../../../arm-none-eabi/lib/thumb/v7e-m+fp/hard\libc_nano.a(libc_a-mallocr.o)
 .text._malloc_r
                0x0800c5a8      0x100 C:/ST/STM32CubeIDE_1.18.1/STM32CubeIDE/plugins/com.st.stm32cube.ide.mcu.externaltools.gnu-tools-for-stm32.13.3.rel1.win32_1.0.0.202411081344/tools/bin/../lib/gcc/arm-none-eabi/13.3.1/../../../../arm-none-eabi/lib/thumb/v7e-m+fp/hard\libc_nano.a(libc_a-mallocr.o)
                0x0800c5a8                _malloc_r
 .text.__malloc_lock
                0x0800c6a8        0xc C:/ST/STM32CubeIDE_1.18.1/STM32CubeIDE/plugins/com.st.stm32cube.ide.mcu.externaltools.gnu-tools-for-stm32.13.3.rel1.win32_1.0.0.202411081344/tools/bin/../lib/gcc/arm-none-eabi/13.3.1/../../../../arm-none-eabi/lib/thumb/v7e-m+fp/hard\libc_nano.a(libc_a-mlock.o)
                0x0800c6a8                __malloc_lock
 .text.__malloc_unlock
                0x0800c6b4        0xc C:/ST/STM32CubeIDE_1.18.1/STM32CubeIDE/plugins/com.st.stm32cube.ide.mcu.externaltools.gnu-tools-for-stm32.13.3.rel1.win32_1.0.0.202411081344/tools/bin/../lib/gcc/arm-none-eabi/13.3.1/../../../../arm-none-eabi/lib/thumb/v7e-m+fp/hard\libc_nano.a(libc_a-mlock.o)
                0x0800c6b4                __malloc_unlock
 .text.sprintf  0x0800c6c0       0x44 C:/ST/STM32CubeIDE_1.18.1/STM32CubeIDE/plugins/com.st.stm32cube.ide.mcu.externaltools.gnu-tools-for-stm32.13.3.rel1.win32_1.0.0.202411081344/tools/bin/../lib/gcc/arm-none-eabi/13.3.1/../../../../arm-none-eabi/lib/thumb/v7e-m+fp/hard\libc_nano.a(libc_a-sprintf.o)
                0x0800c6c0                siprintf
                0x0800c6c0                sprintf
 .text.memset   0x0800c704       0x10 C:/ST/STM32CubeIDE_1.18.1/STM32CubeIDE/plugins/com.st.stm32cube.ide.mcu.externaltools.gnu-tools-for-stm32.13.3.rel1.win32_1.0.0.202411081344/tools/bin/../lib/gcc/arm-none-eabi/13.3.1/../../../../arm-none-eabi/lib/thumb/v7e-m+fp/hard\libc_nano.a(libc_a-memset.o)
                0x0800c704                memset
 .text._sbrk_r  0x0800c714       0x20 C:/ST/STM32CubeIDE_1.18.1/STM32CubeIDE/plugins/com.st.stm32cube.ide.mcu.externaltools.gnu-tools-for-stm32.13.3.rel1.win32_1.0.0.202411081344/tools/bin/../lib/gcc/arm-none-eabi/13.3.1/../../../../arm-none-eabi/lib/thumb/v7e-m+fp/hard\libc_nano.a(libc_a-sbrkr.o)
                0x0800c714                _sbrk_r
 .text.__errno  0x0800c734        0xc C:/ST/STM32CubeIDE_1.18.1/STM32CubeIDE/plugins/com.st.stm32cube.ide.mcu.externaltools.gnu-tools-for-stm32.13.3.rel1.win32_1.0.0.202411081344/tools/bin/../lib/gcc/arm-none-eabi/13.3.1/../../../../arm-none-eabi/lib/thumb/v7e-m+fp/hard\libc_nano.a(libc_a-errno.o)
                0x0800c734                __errno
 .text.__libc_init_array
                0x0800c740       0x48 C:/ST/STM32CubeIDE_1.18.1/STM32CubeIDE/plugins/com.st.stm32cube.ide.mcu.externaltools.gnu-tools-for-stm32.13.3.rel1.win32_1.0.0.202411081344/tools/bin/../lib/gcc/arm-none-eabi/13.3.1/../../../../arm-none-eabi/lib/thumb/v7e-m+fp/hard\libc_nano.a(libc_a-init.o)
                0x0800c740                __libc_init_array
 .text.__retarget_lock_acquire_recursive
                0x0800c788        0x2 C:/ST/STM32CubeIDE_1.18.1/STM32CubeIDE/plugins/com.st.stm32cube.ide.mcu.externaltools.gnu-tools-for-stm32.13.3.rel1.win32_1.0.0.202411081344/tools/bin/../lib/gcc/arm-none-eabi/13.3.1/../../../../arm-none-eabi/lib/thumb/v7e-m+fp/hard\libc_nano.a(libc_a-lock.o)
                0x0800c788                __retarget_lock_acquire_recursive
 .text.__retarget_lock_release_recursive
                0x0800c78a        0x2 C:/ST/STM32CubeIDE_1.18.1/STM32CubeIDE/plugins/com.st.stm32cube.ide.mcu.externaltools.gnu-tools-for-stm32.13.3.rel1.win32_1.0.0.202411081344/tools/bin/../lib/gcc/arm-none-eabi/13.3.1/../../../../arm-none-eabi/lib/thumb/v7e-m+fp/hard\libc_nano.a(libc_a-lock.o)
                0x0800c78a                __retarget_lock_release_recursive
 .text._free_r  0x0800c78c       0x94 C:/ST/STM32CubeIDE_1.18.1/STM32CubeIDE/plugins/com.st.stm32cube.ide.mcu.externaltools.gnu-tools-for-stm32.13.3.rel1.win32_1.0.0.202411081344/tools/bin/../lib/gcc/arm-none-eabi/13.3.1/../../../../arm-none-eabi/lib/thumb/v7e-m+fp/hard\libc_nano.a(libc_a-freer.o)
                0x0800c78c                _free_r
 .text.__ssputs_r
                0x0800c820       0xb6 C:/ST/STM32CubeIDE_1.18.1/STM32CubeIDE/plugins/com.st.stm32cube.ide.mcu.externaltools.gnu-tools-for-stm32.13.3.rel1.win32_1.0.0.202411081344/tools/bin/../lib/gcc/arm-none-eabi/13.3.1/../../../../arm-none-eabi/lib/thumb/v7e-m+fp/hard\libc_nano.a(libc_a-nano-svfprintf.o)
                0x0800c820                __ssputs_r
 *fill*         0x0800c8d6        0x2 
 .text._svfprintf_r
                0x0800c8d8      0x1f8 C:/ST/STM32CubeIDE_1.18.1/STM32CubeIDE/plugins/com.st.stm32cube.ide.mcu.externaltools.gnu-tools-for-stm32.13.3.rel1.win32_1.0.0.202411081344/tools/bin/../lib/gcc/arm-none-eabi/13.3.1/../../../../arm-none-eabi/lib/thumb/v7e-m+fp/hard\libc_nano.a(libc_a-nano-svfprintf.o)
                0x0800c8d8                _svfiprintf_r
                0x0800c8d8                _svfprintf_r
 .text._printf_common
                0x0800cad0       0xda C:/ST/STM32CubeIDE_1.18.1/STM32CubeIDE/plugins/com.st.stm32cube.ide.mcu.externaltools.gnu-tools-for-stm32.13.3.rel1.win32_1.0.0.202411081344/tools/bin/../lib/gcc/arm-none-eabi/13.3.1/../../../../arm-none-eabi/lib/thumb/v7e-m+fp/hard\libc_nano.a(libc_a-nano-vfprintf_i.o)
                0x0800cad0                _printf_common
 *fill*         0x0800cbaa        0x2 
 .text._printf_i
                0x0800cbac      0x23c C:/ST/STM32CubeIDE_1.18.1/STM32CubeIDE/plugins/com.st.stm32cube.ide.mcu.externaltools.gnu-tools-for-stm32.13.3.rel1.win32_1.0.0.202411081344/tools/bin/../lib/gcc/arm-none-eabi/13.3.1/../../../../arm-none-eabi/lib/thumb/v7e-m+fp/hard\libc_nano.a(libc_a-nano-vfprintf_i.o)
                0x0800cbac                _printf_i
 .text.memmove  0x0800cde8       0x34 C:/ST/STM32CubeIDE_1.18.1/STM32CubeIDE/plugins/com.st.stm32cube.ide.mcu.externaltools.gnu-tools-for-stm32.13.3.rel1.win32_1.0.0.202411081344/tools/bin/../lib/gcc/arm-none-eabi/13.3.1/../../../../arm-none-eabi/lib/thumb/v7e-m+fp/hard\libc_nano.a(libc_a-memmove.o)
                0x0800cde8                memmove
 .text.memcpy   0x0800ce1c       0x1c C:/ST/STM32CubeIDE_1.18.1/STM32CubeIDE/plugins/com.st.stm32cube.ide.mcu.externaltools.gnu-tools-for-stm32.13.3.rel1.win32_1.0.0.202411081344/tools/bin/../lib/gcc/arm-none-eabi/13.3.1/../../../../arm-none-eabi/lib/thumb/v7e-m+fp/hard\libc_nano.a(libc_a-memcpy-stub.o)
                0x0800ce1c                memcpy
 .text._realloc_r
                0x0800ce38       0x5c C:/ST/STM32CubeIDE_1.18.1/STM32CubeIDE/plugins/com.st.stm32cube.ide.mcu.externaltools.gnu-tools-for-stm32.13.3.rel1.win32_1.0.0.202411081344/tools/bin/../lib/gcc/arm-none-eabi/13.3.1/../../../../arm-none-eabi/lib/thumb/v7e-m+fp/hard\libc_nano.a(libc_a-reallocr.o)
                0x0800ce38                _realloc_r
 .text._malloc_usable_size_r
                0x0800ce94       0x10 C:/ST/STM32CubeIDE_1.18.1/STM32CubeIDE/plugins/com.st.stm32cube.ide.mcu.externaltools.gnu-tools-for-stm32.13.3.rel1.win32_1.0.0.202411081344/tools/bin/../lib/gcc/arm-none-eabi/13.3.1/../../../../arm-none-eabi/lib/thumb/v7e-m+fp/hard\libc_nano.a(libc_a-msizer.o)
                0x0800ce94                _malloc_usable_size_r
 *(.glue_7)
 .glue_7        0x0800cea4        0x0 linker stubs
 *(.glue_7t)
 .glue_7t       0x0800cea4        0x0 linker stubs
 *(.eh_frame)
 .eh_frame      0x0800cea4        0x0 C:/ST/STM32CubeIDE_1.18.1/STM32CubeIDE/plugins/com.st.stm32cube.ide.mcu.externaltools.gnu-tools-for-stm32.13.3.rel1.win32_1.0.0.202411081344/tools/bin/../lib/gcc/arm-none-eabi/13.3.1/thumb/v7e-m+fp/hard/crtbegin.o
 *(.init)
 .init          0x0800cea4        0x4 C:/ST/STM32CubeIDE_1.18.1/STM32CubeIDE/plugins/com.st.stm32cube.ide.mcu.externaltools.gnu-tools-for-stm32.13.3.rel1.win32_1.0.0.202411081344/tools/bin/../lib/gcc/arm-none-eabi/13.3.1/thumb/v7e-m+fp/hard/crti.o
                0x0800cea4                _init
 .init          0x0800cea8        0x8 C:/ST/STM32CubeIDE_1.18.1/STM32CubeIDE/plugins/com.st.stm32cube.ide.mcu.externaltools.gnu-tools-for-stm32.13.3.rel1.win32_1.0.0.202411081344/tools/bin/../lib/gcc/arm-none-eabi/13.3.1/thumb/v7e-m+fp/hard/crtn.o
 *(.fini)
 .fini          0x0800ceb0        0x4 C:/ST/STM32CubeIDE_1.18.1/STM32CubeIDE/plugins/com.st.stm32cube.ide.mcu.externaltools.gnu-tools-for-stm32.13.3.rel1.win32_1.0.0.202411081344/tools/bin/../lib/gcc/arm-none-eabi/13.3.1/thumb/v7e-m+fp/hard/crti.o
                0x0800ceb0                _fini
 .fini          0x0800ceb4        0x8 C:/ST/STM32CubeIDE_1.18.1/STM32CubeIDE/plugins/com.st.stm32cube.ide.mcu.externaltools.gnu-tools-for-stm32.13.3.rel1.win32_1.0.0.202411081344/tools/bin/../lib/gcc/arm-none-eabi/13.3.1/thumb/v7e-m+fp/hard/crtn.o
                0x0800cebc                        . = ALIGN (0x4)
                0x0800cebc                        _etext = .

.vfp11_veneer   0x0800cebc        0x0
 .vfp11_veneer  0x0800cebc        0x0 linker stubs

.v4_bx          0x0800cebc        0x0
 .v4_bx         0x0800cebc        0x0 linker stubs

.iplt           0x0800cebc        0x0
 .iplt          0x0800cebc        0x0 C:/ST/STM32CubeIDE_1.18.1/STM32CubeIDE/plugins/com.st.stm32cube.ide.mcu.externaltools.gnu-tools-for-stm32.13.3.rel1.win32_1.0.0.202411081344/tools/bin/../lib/gcc/arm-none-eabi/13.3.1/thumb/v7e-m+fp/hard/crtbegin.o

.rodata         0x0800cebc      0x260
                0x0800cebc                        . = ALIGN (0x4)
 *(.rodata)
 .rodata        0x0800cebc      0x1da ./Core/Src/main.o
 *fill*         0x0800d096        0x2 
 .rodata        0x0800d098        0x6 ./Middlewares/ST/STM32_USB_Host_Library/Class/AUDIO/Src/usbh_audio.o
 *(.rodata*)
 *fill*         0x0800d09e        0x2 
 .rodata.AHBPrescTable
                0x0800d0a0       0x10 ./Core/Src/system_stm32l4xx.o
                0x0800d0a0                AHBPrescTable
 .rodata.APBPrescTable
                0x0800d0b0        0x8 ./Core/Src/system_stm32l4xx.o
                0x0800d0b0                APBPrescTable
 .rodata.MSIRangeTable
                0x0800d0b8       0x30 ./Core/Src/system_stm32l4xx.o
                0x0800d0b8                MSIRangeTable
 .rodata._svfprintf_r.str1.1
                0x0800d0e8       0x33 C:/ST/STM32CubeIDE_1.18.1/STM32CubeIDE/plugins/com.st.stm32cube.ide.mcu.externaltools.gnu-tools-for-stm32.13.3.rel1.win32_1.0.0.202411081344/tools/bin/../lib/gcc/arm-none-eabi/13.3.1/../../../../arm-none-eabi/lib/thumb/v7e-m+fp/hard\libc_nano.a(libc_a-nano-svfprintf.o)
                                 0x11 (size before relaxing)
 .rodata._printf_i.str1.1
                0x0800d11b       0x22 C:/ST/STM32CubeIDE_1.18.1/STM32CubeIDE/plugins/com.st.stm32cube.ide.mcu.externaltools.gnu-tools-for-stm32.13.3.rel1.win32_1.0.0.202411081344/tools/bin/../lib/gcc/arm-none-eabi/13.3.1/../../../../arm-none-eabi/lib/thumb/v7e-m+fp/hard\libc_nano.a(libc_a-nano-vfprintf_i.o)
                0x0800d140                        . = ALIGN (0x4)
 *fill*         0x0800d11b        0x1 

.ARM.extab      0x0800d11c        0x0
                0x0800d11c                        . = ALIGN (0x4)
 *(.ARM.extab* .gnu.linkonce.armextab.*)
                0x0800d11c                        . = ALIGN (0x4)

.ARM            0x0800d11c        0x8
                0x0800d11c                        . = ALIGN (0x4)
                0x0800d11c                        __exidx_start = .
 *(.ARM.exidx*)
 .ARM.exidx     0x0800d11c        0x8 C:/ST/STM32CubeIDE_1.18.1/STM32CubeIDE/plugins/com.st.stm32cube.ide.mcu.externaltools.gnu-tools-for-stm32.13.3.rel1.win32_1.0.0.202411081344/tools/bin/../lib/gcc/arm-none-eabi/13.3.1/../../../../arm-none-eabi/lib/thumb/v7e-m+fp/hard\libc_nano.a(libc_a-strlen.o)
 .ARM.exidx     0x0800d124        0x0 C:/ST/STM32CubeIDE_1.18.1/STM32CubeIDE/plugins/com.st.stm32cube.ide.mcu.externaltools.gnu-tools-for-stm32.13.3.rel1.win32_1.0.0.202411081344/tools/bin/../lib/gcc/arm-none-eabi/13.3.1/../../../../arm-none-eabi/lib/thumb/v7e-m+fp/hard\libc_nano.a(libc_a-memchr.o)
                                  0x8 (size before relaxing)
 .ARM.exidx     0x0800d124        0x0 C:/ST/STM32CubeIDE_1.18.1/STM32CubeIDE/plugins/com.st.stm32cube.ide.mcu.externaltools.gnu-tools-for-stm32.13.3.rel1.win32_1.0.0.202411081344/tools/bin/../lib/gcc/arm-none-eabi/13.3.1/thumb/v7e-m+fp/hard\libgcc.a(_udivmoddi4.o)
                                  0x8 (size before relaxing)
                0x0800d124                        __exidx_end = .
                0x0800d124                        . = ALIGN (0x4)

.preinit_array  0x0800d124        0x0
                0x0800d124                        . = ALIGN (0x4)
                0x0800d124                        PROVIDE (__preinit_array_start = .)
 *(.preinit_array*)
                0x0800d124                        PROVIDE (__preinit_array_end = .)
                0x0800d124                        . = ALIGN (0x4)

.init_array     0x0800d124        0x4
                0x0800d124                        . = ALIGN (0x4)
                0x0800d124                        PROVIDE (__init_array_start = .)
 *(SORT_BY_NAME(.init_array.*))
 *(.init_array*)
 .init_array    0x0800d124        0x4 C:/ST/STM32CubeIDE_1.18.1/STM32CubeIDE/plugins/com.st.stm32cube.ide.mcu.externaltools.gnu-tools-for-stm32.13.3.rel1.win32_1.0.0.202411081344/tools/bin/../lib/gcc/arm-none-eabi/13.3.1/thumb/v7e-m+fp/hard/crtbegin.o
                0x0800d128                        PROVIDE (__init_array_end = .)
                0x0800d128                        . = ALIGN (0x4)

.fini_array     0x0800d128        0x4
                0x0800d128                        . = ALIGN (0x4)
                [!provide]                        PROVIDE (__fini_array_start = .)
 *(SORT_BY_NAME(.fini_array.*))
 *(.fini_array*)
 .fini_array    0x0800d128        0x4 C:/ST/STM32CubeIDE_1.18.1/STM32CubeIDE/plugins/com.st.stm32cube.ide.mcu.externaltools.gnu-tools-for-stm32.13.3.rel1.win32_1.0.0.202411081344/tools/bin/../lib/gcc/arm-none-eabi/13.3.1/thumb/v7e-m+fp/hard/crtbegin.o
                [!provide]                        PROVIDE (__fini_array_end = .)
                0x0800d12c                        . = ALIGN (0x4)
                0x0800d12c                        _sidata = LOADADDR (.data)

.rel.dyn        0x0800d12c        0x0
 .rel.iplt      0x0800d12c        0x0 C:/ST/STM32CubeIDE_1.18.1/STM32CubeIDE/plugins/com.st.stm32cube.ide.mcu.externaltools.gnu-tools-for-stm32.13.3.rel1.win32_1.0.0.202411081344/tools/bin/../lib/gcc/arm-none-eabi/13.3.1/thumb/v7e-m+fp/hard/crtbegin.o

.data           0x20000000       0x94 load address 0x0800d12c
                0x20000000                        . = ALIGN (0x4)
                0x20000000                        _sdata = .
 *(.data)
 *(.data*)
 .data.consoleMode
                0x20000000        0x1 ./Core/Src/main.o
                0x20000000                consoleMode
 .data.wren     0x20000001        0x1 ./Core/Src/main.o
                0x20000001                wren
 *fill*         0x20000002        0x2 
 .data.configure_code_1
                0x20000004        0x5 ./Core/Src/main.o
                0x20000004                configure_code_1
 *fill*         0x20000009        0x3 
 .data.configure_code_2
                0x2000000c        0x5 ./Core/Src/main.o
                0x2000000c                configure_code_2
 *fill*         0x20000011        0x3 
 .data.testDetailCmd
                0x20000014        0x3 ./Core/Src/main.o
                0x20000014                testDetailCmd
 *fill*         0x20000017        0x1 
 .data.SystemCoreClock
                0x20000018        0x4 ./Core/Src/system_stm32l4xx.o
                0x20000018                SystemCoreClock
 .data.uwTickPrio
                0x2000001c        0x4 ./Drivers/STM32L4xx_HAL_Driver/Src/stm32l4xx_hal.o
                0x2000001c                uwTickPrio
 .data.uwTickFreq
                0x20000020        0x1 ./Drivers/STM32L4xx_HAL_Driver/Src/stm32l4xx_hal.o
                0x20000020                uwTickFreq
 *fill*         0x20000021        0x3 
 .data.AUDIO_Class
                0x20000024       0x20 ./Middlewares/ST/STM32_USB_Host_Library/Class/AUDIO/Src/usbh_audio.o
                0x20000024                AUDIO_Class
 .data._impure_ptr
                0x20000044        0x4 C:/ST/STM32CubeIDE_1.18.1/STM32CubeIDE/plugins/com.st.stm32cube.ide.mcu.externaltools.gnu-tools-for-stm32.13.3.rel1.win32_1.0.0.202411081344/tools/bin/../lib/gcc/arm-none-eabi/13.3.1/../../../../arm-none-eabi/lib/thumb/v7e-m+fp/hard\libc_nano.a(libc_a-impure.o)
                0x20000044                _impure_ptr
 .data._impure_data
                0x20000048       0x4c C:/ST/STM32CubeIDE_1.18.1/STM32CubeIDE/plugins/com.st.stm32cube.ide.mcu.externaltools.gnu-tools-for-stm32.13.3.rel1.win32_1.0.0.202411081344/tools/bin/../lib/gcc/arm-none-eabi/13.3.1/../../../../arm-none-eabi/lib/thumb/v7e-m+fp/hard\libc_nano.a(libc_a-impure.o)
                0x20000048                _impure_data
 *(.RamFunc)
 *(.RamFunc*)
                0x20000094                        . = ALIGN (0x4)
                0x20000094                        _edata = .

.igot.plt       0x20000094        0x0 load address 0x0800d1c0
 .igot.plt      0x20000094        0x0 C:/ST/STM32CubeIDE_1.18.1/STM32CubeIDE/plugins/com.st.stm32cube.ide.mcu.externaltools.gnu-tools-for-stm32.13.3.rel1.win32_1.0.0.202411081344/tools/bin/../lib/gcc/arm-none-eabi/13.3.1/thumb/v7e-m+fp/hard/crtbegin.o
                0x20000094                        . = ALIGN (0x4)

.bss            0x20000094      0xaf8 load address 0x0800d1c0
                0x20000094                        _sbss = .
                0x20000094                        __bss_start__ = _sbss
 *(.bss)
 .bss           0x20000094       0x1c C:/ST/STM32CubeIDE_1.18.1/STM32CubeIDE/plugins/com.st.stm32cube.ide.mcu.externaltools.gnu-tools-for-stm32.13.3.rel1.win32_1.0.0.202411081344/tools/bin/../lib/gcc/arm-none-eabi/13.3.1/thumb/v7e-m+fp/hard/crtbegin.o
 *(.bss*)
 .bss.hlpuart1  0x200000b0       0x88 ./Core/Src/main.o
                0x200000b0                hlpuart1
 .bss.huart2    0x20000138       0x88 ./Core/Src/main.o
                0x20000138                huart2
 .bss.hspi1     0x200001c0       0x64 ./Core/Src/main.o
                0x200001c0                hspi1
 .bss.numTestsMRAM0
                0x20000224        0x4 ./Core/Src/main.o
                0x20000224                numTestsMRAM0
 .bss.numTestsMRAM1
                0x20000228        0x4 ./Core/Src/main.o
                0x20000228                numTestsMRAM1
 .bss.numTestsMRAM2
                0x2000022c        0x4 ./Core/Src/main.o
                0x2000022c                numTestsMRAM2
 .bss.numTestsMRAM3
                0x20000230        0x4 ./Core/Src/main.o
                0x20000230                numTestsMRAM3
 .bss.numFailsMRAM0
                0x20000234        0x4 ./Core/Src/main.o
                0x20000234                numFailsMRAM0
 .bss.numFailsMRAM1
                0x20000238        0x4 ./Core/Src/main.o
                0x20000238                numFailsMRAM1
 .bss.numFailsMRAM2
                0x2000023c        0x4 ./Core/Src/main.o
                0x2000023c                numFailsMRAM2
 .bss.numFailsMRAM3
                0x20000240        0x4 ./Core/Src/main.o
                0x20000240                numFailsMRAM3
 .bss.currChip  0x20000244        0x1 ./Core/Src/main.o
                0x20000244                currChip
 .bss.currState
                0x20000245        0x1 ./Core/Src/main.o
                0x20000245                currState
 *fill*         0x20000246        0x2 
 .bss.Rx        0x20000248        0x1 ./Core/Src/main.o
                0x20000248                Rx
 .bss.read      0x20000249        0x1 ./Core/Src/main.o
                0x20000249                read
 *fill*         0x2000024a        0x2 
 .bss.__sbrk_heap_end
                0x2000024c        0x4 ./Core/Src/sysmem.o
 .bss.uwTick    0x20000250        0x4 ./Drivers/STM32L4xx_HAL_Driver/Src/stm32l4xx_hal.o
                0x20000250                uwTick
 .bss.hUsbHostFS
                0x20000254      0x4a8 ./USB_HOST/App/usb_host.o
                0x20000254                hUsbHostFS
 .bss.Appli_state
                0x200006fc        0x1 ./USB_HOST/App/usb_host.o
                0x200006fc                Appli_state
 *fill*         0x200006fd        0x3 
 .bss.hhcd_USB_OTG_FS
                0x20000700      0x344 ./USB_HOST/Target/usbh_conf.o
                0x20000700                hhcd_USB_OTG_FS
 .bss.__malloc_sbrk_start
                0x20000a44        0x4 C:/ST/STM32CubeIDE_1.18.1/STM32CubeIDE/plugins/com.st.stm32cube.ide.mcu.externaltools.gnu-tools-for-stm32.13.3.rel1.win32_1.0.0.202411081344/tools/bin/../lib/gcc/arm-none-eabi/13.3.1/../../../../arm-none-eabi/lib/thumb/v7e-m+fp/hard\libc_nano.a(libc_a-mallocr.o)
                0x20000a44                __malloc_sbrk_start
 .bss.__malloc_free_list
                0x20000a48        0x4 C:/ST/STM32CubeIDE_1.18.1/STM32CubeIDE/plugins/com.st.stm32cube.ide.mcu.externaltools.gnu-tools-for-stm32.13.3.rel1.win32_1.0.0.202411081344/tools/bin/../lib/gcc/arm-none-eabi/13.3.1/../../../../arm-none-eabi/lib/thumb/v7e-m+fp/hard\libc_nano.a(libc_a-mallocr.o)
                0x20000a48                __malloc_free_list
 .bss.__sf      0x20000a4c      0x138 C:/ST/STM32CubeIDE_1.18.1/STM32CubeIDE/plugins/com.st.stm32cube.ide.mcu.externaltools.gnu-tools-for-stm32.13.3.rel1.win32_1.0.0.202411081344/tools/bin/../lib/gcc/arm-none-eabi/13.3.1/../../../../arm-none-eabi/lib/thumb/v7e-m+fp/hard\libc_nano.a(libc_a-findfp.o)
                0x20000a4c                __sf
 .bss.errno     0x20000b84        0x4 C:/ST/STM32CubeIDE_1.18.1/STM32CubeIDE/plugins/com.st.stm32cube.ide.mcu.externaltools.gnu-tools-for-stm32.13.3.rel1.win32_1.0.0.202411081344/tools/bin/../lib/gcc/arm-none-eabi/13.3.1/../../../../arm-none-eabi/lib/thumb/v7e-m+fp/hard\libc_nano.a(libc_a-reent.o)
                0x20000b84                errno
 .bss.__lock___malloc_recursive_mutex
                0x20000b88        0x1 C:/ST/STM32CubeIDE_1.18.1/STM32CubeIDE/plugins/com.st.stm32cube.ide.mcu.externaltools.gnu-tools-for-stm32.13.3.rel1.win32_1.0.0.202411081344/tools/bin/../lib/gcc/arm-none-eabi/13.3.1/../../../../arm-none-eabi/lib/thumb/v7e-m+fp/hard\libc_nano.a(libc_a-lock.o)
                0x20000b88                __lock___malloc_recursive_mutex
 *(COMMON)
                0x20000b8c                        . = ALIGN (0x4)
 *fill*         0x20000b89        0x3 
                0x20000b8c                        _ebss = .
                0x20000b8c                        __bss_end__ = _ebss

._user_heap_stack
                0x20000b8c      0x604 load address 0x0800d1c0
                0x20000b90                        . = ALIGN (0x8)
 *fill*         0x20000b8c        0x4 
                [!provide]                        PROVIDE (end = .)
                0x20000b90                        PROVIDE (_end = .)
                0x20000d90                        . = (. + _Min_Heap_Size)
 *fill*         0x20000b90      0x200 
                0x20001190                        . = (. + _Min_Stack_Size)
 *fill*         0x20000d90      0x400 
                0x20001190                        . = ALIGN (0x8)

/DISCARD/
 libc.a(*)
 libm.a(*)
 libgcc.a(*)

.ARM.attributes
                0x00000000       0x30
 *(.ARM.attributes)
 .ARM.attributes
                0x00000000       0x22 C:/ST/STM32CubeIDE_1.18.1/STM32CubeIDE/plugins/com.st.stm32cube.ide.mcu.externaltools.gnu-tools-for-stm32.13.3.rel1.win32_1.0.0.202411081344/tools/bin/../lib/gcc/arm-none-eabi/13.3.1/thumb/v7e-m+fp/hard/crti.o
 .ARM.attributes
                0x00000022       0x34 C:/ST/STM32CubeIDE_1.18.1/STM32CubeIDE/plugins/com.st.stm32cube.ide.mcu.externaltools.gnu-tools-for-stm32.13.3.rel1.win32_1.0.0.202411081344/tools/bin/../lib/gcc/arm-none-eabi/13.3.1/thumb/v7e-m+fp/hard/crtbegin.o
 .ARM.attributes
                0x00000056       0x34 ./Core/Src/main.o
 .ARM.attributes
                0x0000008a       0x34 ./Core/Src/stm32l4xx_hal_msp.o
 .ARM.attributes
                0x000000be       0x34 ./Core/Src/stm32l4xx_it.o
 .ARM.attributes
                0x000000f2       0x34 ./Core/Src/sysmem.o
 .ARM.attributes
                0x00000126       0x34 ./Core/Src/system_stm32l4xx.o
 .ARM.attributes
                0x0000015a       0x21 ./Core/Startup/startup_stm32l496zgtxp.o
 .ARM.attributes
                0x0000017b       0x34 ./Drivers/STM32L4xx_HAL_Driver/Src/stm32l4xx_hal.o
 .ARM.attributes
                0x000001af       0x34 ./Drivers/STM32L4xx_HAL_Driver/Src/stm32l4xx_hal_cortex.o
 .ARM.attributes
                0x000001e3       0x34 ./Drivers/STM32L4xx_HAL_Driver/Src/stm32l4xx_hal_dma.o
 .ARM.attributes
                0x00000217       0x34 ./Drivers/STM32L4xx_HAL_Driver/Src/stm32l4xx_hal_gpio.o
 .ARM.attributes
                0x0000024b       0x34 ./Drivers/STM32L4xx_HAL_Driver/Src/stm32l4xx_hal_hcd.o
 .ARM.attributes
                0x0000027f       0x34 ./Drivers/STM32L4xx_HAL_Driver/Src/stm32l4xx_hal_pwr.o
 .ARM.attributes
                0x000002b3       0x34 ./Drivers/STM32L4xx_HAL_Driver/Src/stm32l4xx_hal_pwr_ex.o
 .ARM.attributes
                0x000002e7       0x34 ./Drivers/STM32L4xx_HAL_Driver/Src/stm32l4xx_hal_rcc.o
 .ARM.attributes
                0x0000031b       0x34 ./Drivers/STM32L4xx_HAL_Driver/Src/stm32l4xx_hal_rcc_ex.o
 .ARM.attributes
                0x0000034f       0x34 ./Drivers/STM32L4xx_HAL_Driver/Src/stm32l4xx_hal_spi.o
 .ARM.attributes
                0x00000383       0x34 ./Drivers/STM32L4xx_HAL_Driver/Src/stm32l4xx_hal_uart.o
 .ARM.attributes
                0x000003b7       0x34 ./Drivers/STM32L4xx_HAL_Driver/Src/stm32l4xx_hal_uart_ex.o
 .ARM.attributes
                0x000003eb       0x34 ./Drivers/STM32L4xx_HAL_Driver/Src/stm32l4xx_ll_usb.o
 .ARM.attributes
                0x0000041f       0x34 ./Middlewares/ST/STM32_USB_Host_Library/Class/AUDIO/Src/usbh_audio.o
 .ARM.attributes
                0x00000453       0x34 ./Middlewares/ST/STM32_USB_Host_Library/Core/Src/usbh_core.o
 .ARM.attributes
                0x00000487       0x34 ./Middlewares/ST/STM32_USB_Host_Library/Core/Src/usbh_ctlreq.o
 .ARM.attributes
                0x000004bb       0x34 ./Middlewares/ST/STM32_USB_Host_Library/Core/Src/usbh_ioreq.o
 .ARM.attributes
                0x000004ef       0x34 ./Middlewares/ST/STM32_USB_Host_Library/Core/Src/usbh_pipes.o
 .ARM.attributes
                0x00000523       0x34 ./USB_HOST/App/usb_host.o
 .ARM.attributes
                0x00000557       0x34 ./USB_HOST/Target/usbh_conf.o
 .ARM.attributes
                0x0000058b       0x34 ./USB_HOST/Target/usbh_platform.o
 .ARM.attributes
                0x000005bf       0x34 C:/ST/STM32CubeIDE_1.18.1/STM32CubeIDE/plugins/com.st.stm32cube.ide.mcu.externaltools.gnu-tools-for-stm32.13.3.rel1.win32_1.0.0.202411081344/tools/bin/../lib/gcc/arm-none-eabi/13.3.1/../../../../arm-none-eabi/lib/thumb/v7e-m+fp/hard\libc_nano.a(libc_a-malloc.o)
 .ARM.attributes
                0x000005f3       0x34 C:/ST/STM32CubeIDE_1.18.1/STM32CubeIDE/plugins/com.st.stm32cube.ide.mcu.externaltools.gnu-tools-for-stm32.13.3.rel1.win32_1.0.0.202411081344/tools/bin/../lib/gcc/arm-none-eabi/13.3.1/../../../../arm-none-eabi/lib/thumb/v7e-m+fp/hard\libc_nano.a(libc_a-mallocr.o)
 .ARM.attributes
                0x00000627       0x34 C:/ST/STM32CubeIDE_1.18.1/STM32CubeIDE/plugins/com.st.stm32cube.ide.mcu.externaltools.gnu-tools-for-stm32.13.3.rel1.win32_1.0.0.202411081344/tools/bin/../lib/gcc/arm-none-eabi/13.3.1/../../../../arm-none-eabi/lib/thumb/v7e-m+fp/hard\libc_nano.a(libc_a-mlock.o)
 .ARM.attributes
                0x0000065b       0x34 C:/ST/STM32CubeIDE_1.18.1/STM32CubeIDE/plugins/com.st.stm32cube.ide.mcu.externaltools.gnu-tools-for-stm32.13.3.rel1.win32_1.0.0.202411081344/tools/bin/../lib/gcc/arm-none-eabi/13.3.1/../../../../arm-none-eabi/lib/thumb/v7e-m+fp/hard\libc_nano.a(libc_a-findfp.o)
 .ARM.attributes
                0x0000068f       0x34 C:/ST/STM32CubeIDE_1.18.1/STM32CubeIDE/plugins/com.st.stm32cube.ide.mcu.externaltools.gnu-tools-for-stm32.13.3.rel1.win32_1.0.0.202411081344/tools/bin/../lib/gcc/arm-none-eabi/13.3.1/../../../../arm-none-eabi/lib/thumb/v7e-m+fp/hard\libc_nano.a(libc_a-sprintf.o)
 .ARM.attributes
                0x000006c3       0x34 C:/ST/STM32CubeIDE_1.18.1/STM32CubeIDE/plugins/com.st.stm32cube.ide.mcu.externaltools.gnu-tools-for-stm32.13.3.rel1.win32_1.0.0.202411081344/tools/bin/../lib/gcc/arm-none-eabi/13.3.1/../../../../arm-none-eabi/lib/thumb/v7e-m+fp/hard\libc_nano.a(libc_a-memset.o)
 .ARM.attributes
                0x000006f7       0x34 C:/ST/STM32CubeIDE_1.18.1/STM32CubeIDE/plugins/com.st.stm32cube.ide.mcu.externaltools.gnu-tools-for-stm32.13.3.rel1.win32_1.0.0.202411081344/tools/bin/../lib/gcc/arm-none-eabi/13.3.1/../../../../arm-none-eabi/lib/thumb/v7e-m+fp/hard\libc_nano.a(libc_a-reent.o)
 .ARM.attributes
                0x0000072b       0x34 C:/ST/STM32CubeIDE_1.18.1/STM32CubeIDE/plugins/com.st.stm32cube.ide.mcu.externaltools.gnu-tools-for-stm32.13.3.rel1.win32_1.0.0.202411081344/tools/bin/../lib/gcc/arm-none-eabi/13.3.1/../../../../arm-none-eabi/lib/thumb/v7e-m+fp/hard\libc_nano.a(libc_a-impure.o)
 .ARM.attributes
                0x0000075f       0x34 C:/ST/STM32CubeIDE_1.18.1/STM32CubeIDE/plugins/com.st.stm32cube.ide.mcu.externaltools.gnu-tools-for-stm32.13.3.rel1.win32_1.0.0.202411081344/tools/bin/../lib/gcc/arm-none-eabi/13.3.1/../../../../arm-none-eabi/lib/thumb/v7e-m+fp/hard\libc_nano.a(libc_a-sbrkr.o)
 .ARM.attributes
                0x00000793       0x34 C:/ST/STM32CubeIDE_1.18.1/STM32CubeIDE/plugins/com.st.stm32cube.ide.mcu.externaltools.gnu-tools-for-stm32.13.3.rel1.win32_1.0.0.202411081344/tools/bin/../lib/gcc/arm-none-eabi/13.3.1/../../../../arm-none-eabi/lib/thumb/v7e-m+fp/hard\libc_nano.a(libc_a-errno.o)
 .ARM.attributes
                0x000007c7       0x34 C:/ST/STM32CubeIDE_1.18.1/STM32CubeIDE/plugins/com.st.stm32cube.ide.mcu.externaltools.gnu-tools-for-stm32.13.3.rel1.win32_1.0.0.202411081344/tools/bin/../lib/gcc/arm-none-eabi/13.3.1/../../../../arm-none-eabi/lib/thumb/v7e-m+fp/hard\libc_nano.a(libc_a-init.o)
 .ARM.attributes
                0x000007fb       0x34 C:/ST/STM32CubeIDE_1.18.1/STM32CubeIDE/plugins/com.st.stm32cube.ide.mcu.externaltools.gnu-tools-for-stm32.13.3.rel1.win32_1.0.0.202411081344/tools/bin/../lib/gcc/arm-none-eabi/13.3.1/../../../../arm-none-eabi/lib/thumb/v7e-m+fp/hard\libc_nano.a(libc_a-lock.o)
 .ARM.attributes
                0x0000082f       0x17 C:/ST/STM32CubeIDE_1.18.1/STM32CubeIDE/plugins/com.st.stm32cube.ide.mcu.externaltools.gnu-tools-for-stm32.13.3.rel1.win32_1.0.0.202411081344/tools/bin/../lib/gcc/arm-none-eabi/13.3.1/../../../../arm-none-eabi/lib/thumb/v7e-m+fp/hard\libc_nano.a(libc_a-strlen.o)
 .ARM.attributes
                0x00000846       0x34 C:/ST/STM32CubeIDE_1.18.1/STM32CubeIDE/plugins/com.st.stm32cube.ide.mcu.externaltools.gnu-tools-for-stm32.13.3.rel1.win32_1.0.0.202411081344/tools/bin/../lib/gcc/arm-none-eabi/13.3.1/../../../../arm-none-eabi/lib/thumb/v7e-m+fp/hard\libc_nano.a(libc_a-freer.o)
 .ARM.attributes
                0x0000087a       0x34 C:/ST/STM32CubeIDE_1.18.1/STM32CubeIDE/plugins/com.st.stm32cube.ide.mcu.externaltools.gnu-tools-for-stm32.13.3.rel1.win32_1.0.0.202411081344/tools/bin/../lib/gcc/arm-none-eabi/13.3.1/../../../../arm-none-eabi/lib/thumb/v7e-m+fp/hard\libc_nano.a(libc_a-nano-svfprintf.o)
 .ARM.attributes
                0x000008ae       0x34 C:/ST/STM32CubeIDE_1.18.1/STM32CubeIDE/plugins/com.st.stm32cube.ide.mcu.externaltools.gnu-tools-for-stm32.13.3.rel1.win32_1.0.0.202411081344/tools/bin/../lib/gcc/arm-none-eabi/13.3.1/../../../../arm-none-eabi/lib/thumb/v7e-m+fp/hard\libc_nano.a(libc_a-nano-vfprintf_i.o)
 .ARM.attributes
                0x000008e2       0x34 C:/ST/STM32CubeIDE_1.18.1/STM32CubeIDE/plugins/com.st.stm32cube.ide.mcu.externaltools.gnu-tools-for-stm32.13.3.rel1.win32_1.0.0.202411081344/tools/bin/../lib/gcc/arm-none-eabi/13.3.1/../../../../arm-none-eabi/lib/thumb/v7e-m+fp/hard\libc_nano.a(libc_a-memmove.o)
 .ARM.attributes
                0x00000916       0x1c C:/ST/STM32CubeIDE_1.18.1/STM32CubeIDE/plugins/com.st.stm32cube.ide.mcu.externaltools.gnu-tools-for-stm32.13.3.rel1.win32_1.0.0.202411081344/tools/bin/../lib/gcc/arm-none-eabi/13.3.1/../../../../arm-none-eabi/lib/thumb/v7e-m+fp/hard\libc_nano.a(libc_a-memchr.o)
 .ARM.attributes
                0x00000932       0x34 C:/ST/STM32CubeIDE_1.18.1/STM32CubeIDE/plugins/com.st.stm32cube.ide.mcu.externaltools.gnu-tools-for-stm32.13.3.rel1.win32_1.0.0.202411081344/tools/bin/../lib/gcc/arm-none-eabi/13.3.1/../../../../arm-none-eabi/lib/thumb/v7e-m+fp/hard\libc_nano.a(libc_a-memcpy-stub.o)
 .ARM.attributes
                0x00000966       0x34 C:/ST/STM32CubeIDE_1.18.1/STM32CubeIDE/plugins/com.st.stm32cube.ide.mcu.externaltools.gnu-tools-for-stm32.13.3.rel1.win32_1.0.0.202411081344/tools/bin/../lib/gcc/arm-none-eabi/13.3.1/../../../../arm-none-eabi/lib/thumb/v7e-m+fp/hard\libc_nano.a(libc_a-reallocr.o)
 .ARM.attributes
                0x0000099a       0x34 C:/ST/STM32CubeIDE_1.18.1/STM32CubeIDE/plugins/com.st.stm32cube.ide.mcu.externaltools.gnu-tools-for-stm32.13.3.rel1.win32_1.0.0.202411081344/tools/bin/../lib/gcc/arm-none-eabi/13.3.1/../../../../arm-none-eabi/lib/thumb/v7e-m+fp/hard\libc_nano.a(libc_a-msizer.o)
 .ARM.attributes
                0x000009ce       0x22 C:/ST/STM32CubeIDE_1.18.1/STM32CubeIDE/plugins/com.st.stm32cube.ide.mcu.externaltools.gnu-tools-for-stm32.13.3.rel1.win32_1.0.0.202411081344/tools/bin/../lib/gcc/arm-none-eabi/13.3.1/thumb/v7e-m+fp/hard\libgcc.a(_aeabi_uldivmod.o)
 .ARM.attributes
                0x000009f0       0x34 C:/ST/STM32CubeIDE_1.18.1/STM32CubeIDE/plugins/com.st.stm32cube.ide.mcu.externaltools.gnu-tools-for-stm32.13.3.rel1.win32_1.0.0.202411081344/tools/bin/../lib/gcc/arm-none-eabi/13.3.1/thumb/v7e-m+fp/hard\libgcc.a(_udivmoddi4.o)
 .ARM.attributes
                0x00000a24       0x22 C:/ST/STM32CubeIDE_1.18.1/STM32CubeIDE/plugins/com.st.stm32cube.ide.mcu.externaltools.gnu-tools-for-stm32.13.3.rel1.win32_1.0.0.202411081344/tools/bin/../lib/gcc/arm-none-eabi/13.3.1/thumb/v7e-m+fp/hard\libgcc.a(_dvmd_tls.o)
 .ARM.attributes
                0x00000a46       0x22 C:/ST/STM32CubeIDE_1.18.1/STM32CubeIDE/plugins/com.st.stm32cube.ide.mcu.externaltools.gnu-tools-for-stm32.13.3.rel1.win32_1.0.0.202411081344/tools/bin/../lib/gcc/arm-none-eabi/13.3.1/thumb/v7e-m+fp/hard/crtn.o
OUTPUT(Nucleo.elf elf32-littlearm)
LOAD linker stubs
LOAD C:/ST/STM32CubeIDE_1.18.1/STM32CubeIDE/plugins/com.st.stm32cube.ide.mcu.externaltools.gnu-tools-for-stm32.13.3.rel1.win32_1.0.0.202411081344/tools/bin/../lib/gcc/arm-none-eabi/13.3.1/../../../../arm-none-eabi/lib/thumb/v7e-m+fp/hard\libc.a
LOAD C:/ST/STM32CubeIDE_1.18.1/STM32CubeIDE/plugins/com.st.stm32cube.ide.mcu.externaltools.gnu-tools-for-stm32.13.3.rel1.win32_1.0.0.202411081344/tools/bin/../lib/gcc/arm-none-eabi/13.3.1/../../../../arm-none-eabi/lib/thumb/v7e-m+fp/hard\libm.a
LOAD C:/ST/STM32CubeIDE_1.18.1/STM32CubeIDE/plugins/com.st.stm32cube.ide.mcu.externaltools.gnu-tools-for-stm32.13.3.rel1.win32_1.0.0.202411081344/tools/bin/../lib/gcc/arm-none-eabi/13.3.1/thumb/v7e-m+fp/hard\libgcc.a

.debug_info     0x00000000    0x1afb0
 .debug_info    0x00000000     0x1d4e ./Core/Src/main.o
 .debug_info    0x00001d4e     0x1341 ./Core/Src/stm32l4xx_hal_msp.o
 .debug_info    0x0000308f      0xcd1 ./Core/Src/stm32l4xx_it.o
 .debug_info    0x00003d60      0x168 ./Core/Src/sysmem.o
 .debug_info    0x00003ec8      0x5cd ./Core/Src/system_stm32l4xx.o
 .debug_info    0x00004495       0x30 ./Core/Startup/startup_stm32l496zgtxp.o
 .debug_info    0x000044c5      0xb4b ./Drivers/STM32L4xx_HAL_Driver/Src/stm32l4xx_hal.o
 .debug_info    0x00005010      0xd82 ./Drivers/STM32L4xx_HAL_Driver/Src/stm32l4xx_hal_cortex.o
 .debug_info    0x00005d92      0x6f4 ./Drivers/STM32L4xx_HAL_Driver/Src/stm32l4xx_hal_dma.o
 .debug_info    0x00006486      0x76f ./Drivers/STM32L4xx_HAL_Driver/Src/stm32l4xx_hal_gpio.o
 .debug_info    0x00006bf5     0x1122 ./Drivers/STM32L4xx_HAL_Driver/Src/stm32l4xx_hal_hcd.o
 .debug_info    0x00007d17      0x956 ./Drivers/STM32L4xx_HAL_Driver/Src/stm32l4xx_hal_pwr.o
 .debug_info    0x0000866d      0x996 ./Drivers/STM32L4xx_HAL_Driver/Src/stm32l4xx_hal_pwr_ex.o
 .debug_info    0x00009003      0xc3b ./Drivers/STM32L4xx_HAL_Driver/Src/stm32l4xx_hal_rcc.o
 .debug_info    0x00009c3e     0x10c1 ./Drivers/STM32L4xx_HAL_Driver/Src/stm32l4xx_hal_rcc_ex.o
 .debug_info    0x0000acff     0x161a ./Drivers/STM32L4xx_HAL_Driver/Src/stm32l4xx_hal_spi.o
 .debug_info    0x0000c319     0x3b85 ./Drivers/STM32L4xx_HAL_Driver/Src/stm32l4xx_hal_uart.o
 .debug_info    0x0000fe9e      0xdff ./Drivers/STM32L4xx_HAL_Driver/Src/stm32l4xx_hal_uart_ex.o
 .debug_info    0x00010c9d     0x1971 ./Drivers/STM32L4xx_HAL_Driver/Src/stm32l4xx_ll_usb.o
 .debug_info    0x0001260e     0x26fa ./Middlewares/ST/STM32_USB_Host_Library/Class/AUDIO/Src/usbh_audio.o
 .debug_info    0x00014d08      0xfb1 ./Middlewares/ST/STM32_USB_Host_Library/Core/Src/usbh_core.o
 .debug_info    0x00015cb9      0xfa5 ./Middlewares/ST/STM32_USB_Host_Library/Core/Src/usbh_ctlreq.o
 .debug_info    0x00016c5e      0xc2a ./Middlewares/ST/STM32_USB_Host_Library/Core/Src/usbh_ioreq.o
 .debug_info    0x00017888      0xa8d ./Middlewares/ST/STM32_USB_Host_Library/Core/Src/usbh_pipes.o
 .debug_info    0x00018315      0xa0f ./USB_HOST/App/usb_host.o
 .debug_info    0x00018d24     0x20a7 ./USB_HOST/Target/usbh_conf.o
 .debug_info    0x0001adcb      0x1e5 ./USB_HOST/Target/usbh_platform.o

.debug_abbrev   0x00000000     0x3e7e
 .debug_abbrev  0x00000000      0x378 ./Core/Src/main.o
 .debug_abbrev  0x00000378      0x218 ./Core/Src/stm32l4xx_hal_msp.o
 .debug_abbrev  0x00000590      0x1d9 ./Core/Src/stm32l4xx_it.o
 .debug_abbrev  0x00000769       0xbc ./Core/Src/sysmem.o
 .debug_abbrev  0x00000825      0x11a ./Core/Src/system_stm32l4xx.o
 .debug_abbrev  0x0000093f       0x24 ./Core/Startup/startup_stm32l496zgtxp.o
 .debug_abbrev  0x00000963      0x242 ./Drivers/STM32L4xx_HAL_Driver/Src/stm32l4xx_hal.o
 .debug_abbrev  0x00000ba5      0x327 ./Drivers/STM32L4xx_HAL_Driver/Src/stm32l4xx_hal_cortex.o
 .debug_abbrev  0x00000ecc      0x1e4 ./Drivers/STM32L4xx_HAL_Driver/Src/stm32l4xx_hal_dma.o
 .debug_abbrev  0x000010b0      0x1cb ./Drivers/STM32L4xx_HAL_Driver/Src/stm32l4xx_hal_gpio.o
 .debug_abbrev  0x0000127b      0x298 ./Drivers/STM32L4xx_HAL_Driver/Src/stm32l4xx_hal_hcd.o
 .debug_abbrev  0x00001513      0x1d4 ./Drivers/STM32L4xx_HAL_Driver/Src/stm32l4xx_hal_pwr.o
 .debug_abbrev  0x000016e7      0x1f9 ./Drivers/STM32L4xx_HAL_Driver/Src/stm32l4xx_hal_pwr_ex.o
 .debug_abbrev  0x000018e0      0x2cb ./Drivers/STM32L4xx_HAL_Driver/Src/stm32l4xx_hal_rcc.o
 .debug_abbrev  0x00001bab      0x2a3 ./Drivers/STM32L4xx_HAL_Driver/Src/stm32l4xx_hal_rcc_ex.o
 .debug_abbrev  0x00001e4e      0x26a ./Drivers/STM32L4xx_HAL_Driver/Src/stm32l4xx_hal_spi.o
 .debug_abbrev  0x000020b8      0x2d0 ./Drivers/STM32L4xx_HAL_Driver/Src/stm32l4xx_hal_uart.o
 .debug_abbrev  0x00002388      0x2be ./Drivers/STM32L4xx_HAL_Driver/Src/stm32l4xx_hal_uart_ex.o
 .debug_abbrev  0x00002646      0x2b3 ./Drivers/STM32L4xx_HAL_Driver/Src/stm32l4xx_ll_usb.o
 .debug_abbrev  0x000028f9      0x336 ./Middlewares/ST/STM32_USB_Host_Library/Class/AUDIO/Src/usbh_audio.o
 .debug_abbrev  0x00002c2f      0x32c ./Middlewares/ST/STM32_USB_Host_Library/Core/Src/usbh_core.o
 .debug_abbrev  0x00002f5b      0x301 ./Middlewares/ST/STM32_USB_Host_Library/Core/Src/usbh_ctlreq.o
 .debug_abbrev  0x0000325c      0x247 ./Middlewares/ST/STM32_USB_Host_Library/Core/Src/usbh_ioreq.o
 .debug_abbrev  0x000034a3      0x283 ./Middlewares/ST/STM32_USB_Host_Library/Core/Src/usbh_pipes.o
 .debug_abbrev  0x00003726      0x270 ./USB_HOST/App/usb_host.o
 .debug_abbrev  0x00003996      0x3d4 ./USB_HOST/Target/usbh_conf.o
 .debug_abbrev  0x00003d6a      0x114 ./USB_HOST/Target/usbh_platform.o

.debug_aranges  0x00000000     0x13e0
 .debug_aranges
                0x00000000       0x88 ./Core/Src/main.o
 .debug_aranges
                0x00000088       0x40 ./Core/Src/stm32l4xx_hal_msp.o
 .debug_aranges
                0x000000c8       0x80 ./Core/Src/stm32l4xx_it.o
 .debug_aranges
                0x00000148       0x20 ./Core/Src/sysmem.o
 .debug_aranges
                0x00000168       0x28 ./Core/Src/system_stm32l4xx.o
 .debug_aranges
                0x00000190       0x28 ./Core/Startup/startup_stm32l496zgtxp.o
 .debug_aranges
                0x000001b8      0x130 ./Drivers/STM32L4xx_HAL_Driver/Src/stm32l4xx_hal.o
 .debug_aranges
                0x000002e8      0x118 ./Drivers/STM32L4xx_HAL_Driver/Src/stm32l4xx_hal_cortex.o
 .debug_aranges
                0x00000400       0x80 ./Drivers/STM32L4xx_HAL_Driver/Src/stm32l4xx_hal_dma.o
 .debug_aranges
                0x00000480       0x58 ./Drivers/STM32L4xx_HAL_Driver/Src/stm32l4xx_hal_gpio.o
 .debug_aranges
                0x000004d8      0x100 ./Drivers/STM32L4xx_HAL_Driver/Src/stm32l4xx_hal_hcd.o
 .debug_aranges
                0x000005d8       0x98 ./Drivers/STM32L4xx_HAL_Driver/Src/stm32l4xx_hal_pwr.o
 .debug_aranges
                0x00000670      0x150 ./Drivers/STM32L4xx_HAL_Driver/Src/stm32l4xx_hal_pwr_ex.o
 .debug_aranges
                0x000007c0       0x90 ./Drivers/STM32L4xx_HAL_Driver/Src/stm32l4xx_hal_rcc.o
 .debug_aranges
                0x00000850      0x108 ./Drivers/STM32L4xx_HAL_Driver/Src/stm32l4xx_hal_rcc_ex.o
 .debug_aranges
                0x00000958      0x1d8 ./Drivers/STM32L4xx_HAL_Driver/Src/stm32l4xx_hal_spi.o
 .debug_aranges
                0x00000b30      0x228 ./Drivers/STM32L4xx_HAL_Driver/Src/stm32l4xx_hal_uart.o
 .debug_aranges
                0x00000d58       0x80 ./Drivers/STM32L4xx_HAL_Driver/Src/stm32l4xx_hal_uart_ex.o
 .debug_aranges
                0x00000dd8      0x1a0 ./Drivers/STM32L4xx_HAL_Driver/Src/stm32l4xx_ll_usb.o
 .debug_aranges
                0x00000f78      0x140 ./Middlewares/ST/STM32_USB_Host_Library/Class/AUDIO/Src/usbh_audio.o
 .debug_aranges
                0x000010b8       0xc0 ./Middlewares/ST/STM32_USB_Host_Library/Core/Src/usbh_core.o
 .debug_aranges
                0x00001178       0xa0 ./Middlewares/ST/STM32_USB_Host_Library/Core/Src/usbh_ctlreq.o
 .debug_aranges
                0x00001218       0x60 ./Middlewares/ST/STM32_USB_Host_Library/Core/Src/usbh_ioreq.o
 .debug_aranges
                0x00001278       0x40 ./Middlewares/ST/STM32_USB_Host_Library/Core/Src/usbh_pipes.o
 .debug_aranges
                0x000012b8       0x30 ./USB_HOST/App/usb_host.o
 .debug_aranges
                0x000012e8       0xd8 ./USB_HOST/Target/usbh_conf.o
 .debug_aranges
                0x000013c0       0x20 ./USB_HOST/Target/usbh_platform.o

.debug_rnglists
                0x00000000      0xf2f
 .debug_rnglists
                0x00000000       0x6a ./Core/Src/main.o
 .debug_rnglists
                0x0000006a       0x2d ./Core/Src/stm32l4xx_hal_msp.o
 .debug_rnglists
                0x00000097       0x5b ./Core/Src/stm32l4xx_it.o
 .debug_rnglists
                0x000000f2       0x13 ./Core/Src/sysmem.o
 .debug_rnglists
                0x00000105       0x1a ./Core/Src/system_stm32l4xx.o
 .debug_rnglists
                0x0000011f       0x19 ./Core/Startup/startup_stm32l496zgtxp.o
 .debug_rnglists
                0x00000138       0xdf ./Drivers/STM32L4xx_HAL_Driver/Src/stm32l4xx_hal.o
 .debug_rnglists
                0x00000217       0xce ./Drivers/STM32L4xx_HAL_Driver/Src/stm32l4xx_hal_cortex.o
 .debug_rnglists
                0x000002e5       0x64 ./Drivers/STM32L4xx_HAL_Driver/Src/stm32l4xx_hal_dma.o
 .debug_rnglists
                0x00000349       0x3f ./Drivers/STM32L4xx_HAL_Driver/Src/stm32l4xx_hal_gpio.o
 .debug_rnglists
                0x00000388       0xc3 ./Drivers/STM32L4xx_HAL_Driver/Src/stm32l4xx_hal_hcd.o
 .debug_rnglists