../Core/Src/main.c:97:6:clrstr	24	static
../Core/Src/main.c:104:6:delay_ns	56	static
../Core/Src/main.c:117:6:HAL_UART_RxCpltCallback	120	static
../Core/Src/main.c:250:6:WriteMem	64	dynamic
../Core/Src/main.c:295:6:ReadMem	104	dynamic
../Core/Src/main.c:343:6:MemTest	72	static
../Core/Src/main.c:450:6:MemTest_16	72	static
../Core/Src/main.c:559:5:main	56	static
../Core/Src/main.c:694:6:SystemClock_Config	96	static
../Core/Src/main.c:755:13:MX_LPUART1_UART_Init	8	static
../Core/Src/main.c:789:13:MX_USART2_UART_Init	8	static
../Core/Src/main.c:824:13:MX_SPI1_Init	8	static
../Core/Src/main.c:864:13:MX_GPIO_Init	56	static
../Core/Src/main.c:962:6:Error_Handler	4	static,ignoring_inline_asm
