../Core/Src/main.c:91:6:clrstr	24	static
../Core/Src/main.c:98:6:delay_ns	56	static
../Core/Src/main.c:111:6:HAL_UART_RxCpltCallback	120	static
../Core/Src/main.c:232:6:WriteMem	64	dynamic
../Core/Src/main.c:271:6:ReadMem	104	dynamic
../Core/Src/main.c:313:6:MemTest	72	static
../Core/Src/main.c:420:6:MemTest_16	72	static
../Core/Src/main.c:529:5:main	32	static
../Core/Src/main.c:639:6:SystemClock_Config	96	static
../Core/Src/main.c:700:13:MX_LPUART1_UART_Init	8	static
../Core/Src/main.c:734:13:MX_USART2_UART_Init	8	static
../Core/Src/main.c:769:13:MX_SPI1_Init	8	static
../Core/Src/main.c:809:13:MX_GPIO_Init	56	static
../Core/Src/main.c:904:6:Error_Handler	4	static,ignoring_inline_asm
